#
# There is insufficient memory for the Java Runtime Environment to continue.
# Native memory allocation (malloc) failed to allocate 32744 bytes. Error detail: Chunk::new
# Possible reasons:
#   The system is out of physical RAM or swap space
#   This process is running with CompressedOops enabled, and the Java Heap may be blocking the growth of the native heap
# Possible solutions:
#   Reduce memory load on the system
#   Increase physical memory or swap space
#   Check if swap backing store is full
#   Decrease Java heap size (-Xmx/-Xms)
#   Decrease number of Java threads
#   Decrease Java thread stack sizes (-Xss)
#   Set larger code cache with -XX:ReservedCodeCacheSize=
#   JVM is running with Unscaled Compressed Oops mode in which the Java heap is
#     placed in the first 4GB address space. The Java Heap base address is the
#     maximum limit for the native heap growth. Please use -XX:HeapBaseMinAddress
#     to set the Java Heap base and to place the Java Heap above 4GB virtual address.
# This output file may be truncated or incomplete.
#
#  Out of Memory Error (arena.cpp:168), pid=11000, tid=9684
#
# JRE version: OpenJDK Runtime Environment Temurin-21.0.12.1+1 (21.0.12.1+1) (build 21.0.12.1+1-LTS)
# Java VM: OpenJDK 64-Bit Server VM Temurin-21.0.12.1+1 (21.0.12.1+1-LTS, mixed mode, sharing, tiered, compressed oops, compressed class ptrs, parallel gc, windows-amd64)
# No core dump will be written. Minidumps are not enabled by default on client versions of Windows
#

---------------  S U M M A R Y ------------

Command Line: --add-modules=ALL-SYSTEM --add-opens=java.base/java.util=ALL-UNNAMED --add-opens=java.base/java.lang=ALL-UNNAMED --add-opens=java.base/sun.nio.fs=ALL-UNNAMED -Declipse.application=org.eclipse.jdt.ls.core.id1 -Dosgi.bundles.defaultStartLevel=4 -Declipse.product=org.eclipse.jdt.ls.core.product -Djava.import.generatesMetadataFilesAtProjectRoot=false -Dm2e.project.cache.size=50 -DDetectVMInstallationsJob.disabled=true -Dfile.encoding=utf8 -XX:+UseParallelGC -XX:GCTimeRatio=4 -XX:AdaptiveSizePolicyWeight=90 -Dsun.zip.disableMemoryMapping=true -Xmx2G -Xms100m -Xlog:disable -javaagent:c:\Users\kusha\.antigravity-ide\extensions\redhat.java-1.56.0-win32-x64\lombok\lombok-1.18.39-4050.jar -XX:+HeapDumpOnOutOfMemoryError -XX:HeapDumpPath=c:\Users\kusha\AppData\Roaming\Antigravity IDE\User\workspaceStorage\710bb24a09336df6ca056d69fd4414a9\redhat.java -Daether.dependencyCollector.impl=bf c:\Users\kusha\.antigravity-ide\extensions\redhat.java-1.56.0-win32-x64\server\plugins\org.eclipse.equinox.launcher_1.8.0.v20260804-1928.jar -configuration c:\Users\kusha\AppData\Roaming\Antigravity IDE\User\globalStorage\redhat.java\1.56.0\config_win -data c:\Users\kusha\AppData\Roaming\Antigravity IDE\User\workspaceStorage\710bb24a09336df6ca056d69fd4414a9\redhat.java\jdt_ws --stdio

Host: AMD Ryzen 3 1300X Quad-Core Processor          , 4 cores, 7G,  Windows 11 , 64 bit Build 22621 (10.0.22621.3958)
Time: Sat Oct  3 23:02:07 2026 India Standard Time elapsed time: 46.451850 seconds (0d 0h 0m 46s)

---------------  T H R E A D  ---------------

Current thread (0x000001ae52e1af80):  JavaThread "C2 CompilerThread0" daemon [_thread_in_native, id=9684, stack(0x0000006a6ba00000,0x0000006a6bb00000) (1024K)]


Current CompileTask:
C2:46451 7077       4       java.net.URI$Parser::scan (41 bytes)

Stack: [0x0000006a6ba00000,0x0000006a6bb00000]
Native frames: (J=compiled Java code, j=interpreted, Vv=VM code, C=native code)
V  [jvm.dll+0x6d83e9]
V  [jvm.dll+0x8b5736]
V  [jvm.dll+0x8b7cee]
V  [jvm.dll+0x8b83d3]
V  [jvm.dll+0x284596]
V  [jvm.dll+0xc685d]
V  [jvm.dll+0xc6da1]
V  [jvm.dll+0x65ff6d]
V  [jvm.dll+0x6600fb]
V  [jvm.dll+0x6600fb]
V  [jvm.dll+0x665dcb]
V  [jvm.dll+0x666dc6]
V  [jvm.dll+0x66510b]
V  [jvm.dll+0x24c57b]
V  [jvm.dll+0x24bce0]
V  [jvm.dll+0x1cb4ae]
V  [jvm.dll+0x25baad]
V  [jvm.dll+0x25a03a]
V  [jvm.dll+0x3f8aae]
V  [jvm.dll+0x8600cd]
V  [jvm.dll+0x6d6c1d]
C  [ucrtbase.dll+0x29333]
C  [KERNEL32.DLL+0x1257d]
C  [ntdll.dll+0x5af08]


---------------  P R O C E S S  ---------------

Threads class SMR info:
_java_thread_list=0x000001ae9bc13c30, length=31, elements={
0x000001ae3c41f7c0, 0x000001ae3c4dc970, 0x000001ae3c4de080, 0x000001ae52e101f0,
0x000001ae52e11860, 0x000001ae52e14f60, 0x000001ae52e1a170, 0x000001ae52e1af80,
0x000001ae52e1bf00, 0x000001ae94c29900, 0x000001ae94c28be0, 0x000001ae94c2b9d0,
0x000001ae94c29270, 0x000001ae94c2a620, 0x000001ae94c29f90, 0x000001ae94c2c060,
0x000001ae94c2acb0, 0x000001ae94c2b340, 0x000001ae999bc4e0, 0x000001ae999bd200,
0x000001ae999b9d80, 0x000001ae999bf960, 0x000001ae999b9060, 0x000001ae999bd890,
0x000001ae999bfff0, 0x000001ae999c0680, 0x000001ae999baaa0, 0x000001ae999b96f0,
0x000001ae999ba410, 0x000001ae999bb130, 0x000001ae999be5b0
}

Java Threads: ( => current thread )
  0x000001ae3c41f7c0 JavaThread "main"                              [_thread_blocked, id=11416, stack(0x0000006a6b000000,0x0000006a6b100000) (1024K)]
  0x000001ae3c4dc970 JavaThread "Reference Handler"          daemon [_thread_blocked, id=776, stack(0x0000006a6b400000,0x0000006a6b500000) (1024K)]
  0x000001ae3c4de080 JavaThread "Finalizer"                  daemon [_thread_blocked, id=7276, stack(0x0000006a6b500000,0x0000006a6b600000) (1024K)]
  0x000001ae52e101f0 JavaThread "Signal Dispatcher"          daemon [_thread_blocked, id=10396, stack(0x0000006a6b600000,0x0000006a6b700000) (1024K)]
  0x000001ae52e11860 JavaThread "Attach Listener"            daemon [_thread_blocked, id=11844, stack(0x0000006a6b700000,0x0000006a6b800000) (1024K)]
  0x000001ae52e14f60 JavaThread "Service Thread"             daemon [_thread_blocked, id=10640, stack(0x0000006a6b800000,0x0000006a6b900000) (1024K)]
  0x000001ae52e1a170 JavaThread "Monitor Deflation Thread"   daemon [_thread_blocked, id=756, stack(0x0000006a6b900000,0x0000006a6ba00000) (1024K)]
=>0x000001ae52e1af80 JavaThread "C2 CompilerThread0"         daemon [_thread_in_native, id=9684, stack(0x0000006a6ba00000,0x0000006a6bb00000) (1024K)]
  0x000001ae52e1bf00 JavaThread "C1 CompilerThread0"         daemon [_thread_in_native, id=18800, stack(0x0000006a6bb00000,0x0000006a6bc00000) (1024K)]
  0x000001ae94c29900 JavaThread "Common-Cleaner"             daemon [_thread_blocked, id=17304, stack(0x0000006a6bc00000,0x0000006a6bd00000) (1024K)]
  0x000001ae94c28be0 JavaThread "Notification Thread"        daemon [_thread_blocked, id=11364, stack(0x0000006a6bd00000,0x0000006a6be00000) (1024K)]
  0x000001ae94c2b9d0 JavaThread "Active Thread: Equinox Container: b7e42ff2-a29f-4f25-a9bb-976eba63985f"        [_thread_blocked, id=19776, stack(0x0000006a6be00000,0x0000006a6bf00000) (1024K)]
  0x000001ae94c29270 JavaThread "Refresh Thread: Equinox Container: b7e42ff2-a29f-4f25-a9bb-976eba63985f" daemon [_thread_blocked, id=19524, stack(0x0000006a6c200000,0x0000006a6c300000) (1024K)]
  0x000001ae94c2a620 JavaThread "Framework Event Dispatcher: Equinox Container: b7e42ff2-a29f-4f25-a9bb-976eba63985f" daemon [_thread_blocked, id=20588, stack(0x0000006a6c300000,0x0000006a6c400000) (1024K)]
  0x000001ae94c29f90 JavaThread "Start Level: Equinox Container: b7e42ff2-a29f-4f25-a9bb-976eba63985f" daemon [_thread_blocked, id=6628, stack(0x0000006a6c400000,0x0000006a6c500000) (1024K)]
  0x000001ae94c2c060 JavaThread "Bundle File Closer"         daemon [_thread_blocked, id=14060, stack(0x0000006a6c500000,0x0000006a6c600000) (1024K)]
  0x000001ae94c2acb0 JavaThread "SCR Component Actor"        daemon [_thread_blocked, id=16484, stack(0x0000006a6c600000,0x0000006a6c700000) (1024K)]
  0x000001ae94c2b340 JavaThread "Worker-JM"                         [_thread_blocked, id=15460, stack(0x0000006a6c700000,0x0000006a6c800000) (1024K)]
  0x000001ae999bc4e0 JavaThread "JNA Cleaner"                daemon [_thread_blocked, id=20324, stack(0x0000006a6c800000,0x0000006a6c900000) (1024K)]
  0x000001ae999bd200 JavaThread "Worker-0"                          [_thread_blocked, id=15140, stack(0x0000006a6c900000,0x0000006a6ca00000) (1024K)]
  0x000001ae999b9d80 JavaThread "Worker-1"                          [_thread_blocked, id=17836, stack(0x0000006a6ca00000,0x0000006a6cb00000) (1024K)]
  0x000001ae999bf960 JavaThread "Worker-2"                          [_thread_blocked, id=9116, stack(0x0000006a6cb00000,0x0000006a6cc00000) (1024K)]
  0x000001ae999b9060 JavaThread "Java indexing"              daemon [_thread_blocked, id=7968, stack(0x0000006a6cc00000,0x0000006a6cd00000) (1024K)]
  0x000001ae999bd890 JavaThread "Worker-3"                          [_thread_blocked, id=11024, stack(0x0000006a6ce00000,0x0000006a6cf00000) (1024K)]
  0x000001ae999bfff0 JavaThread "Worker-4"                          [_thread_blocked, id=18980, stack(0x0000006a6d000000,0x0000006a6d100000) (1024K)]
  0x000001ae999c0680 JavaThread "pool-2-thread-1"                   [_thread_blocked, id=8788, stack(0x0000006a6d100000,0x0000006a6d200000) (1024K)]
  0x000001ae999baaa0 JavaThread "WorkspaceEventsHandler"            [_thread_blocked, id=11228, stack(0x0000006a6d200000,0x0000006a6d300000) (1024K)]
  0x000001ae999b96f0 JavaThread "pool-1-thread-1"                   [_thread_in_vm, id=8860, stack(0x0000006a6d300000,0x0000006a6d400000) (1024K)]
  0x000001ae999ba410 JavaThread "PatternSearchJob-worker-1"  daemon [_thread_blocked, id=2520, stack(0x0000006a6d400000,0x0000006a6d500000) (1024K)]
  0x000001ae999bb130 JavaThread "PatternSearchJob-worker-2"  daemon [_thread_blocked, id=20632, stack(0x0000006a6d500000,0x0000006a6d600000) (1024K)]
  0x000001ae999be5b0 JavaThread "PatternSearchJob-worker-3"  daemon [_thread_blocked, id=18676, stack(0x0000006a6d600000,0x0000006a6d700000) (1024K)]
Total: 31

Other Threads:
  0x000001ae52e0ee50 VMThread "VM Thread"                           [id=18448, stack(0x0000006a6b300000,0x0000006a6b400000) (1024K)]
  0x000001ae52daca00 WatcherThread "VM Periodic Task Thread"        [id=15776, stack(0x0000006a6b200000,0x0000006a6b300000) (1024K)]
  0x000001ae3c43f5e0 WorkerThread "GC Thread#0"                     [id=19540, stack(0x0000006a6b100000,0x0000006a6b200000) (1024K)]
  0x000001ae99700e00 WorkerThread "GC Thread#1"                     [id=17156, stack(0x0000006a6bf00000,0x0000006a6c000000) (1024K)]
  0x000001ae94e72f80 WorkerThread "GC Thread#2"                     [id=19436, stack(0x0000006a6c000000,0x0000006a6c100000) (1024K)]
  0x000001ae94e73330 WorkerThread "GC Thread#3"                     [id=10016, stack(0x0000006a6c100000,0x0000006a6c200000) (1024K)]
Total: 6

Threads with active compile tasks:
C2 CompilerThread0  46474 7077       4       java.net.URI$Parser::scan (41 bytes)
C1 CompilerThread0  46474 7079       3       sun.nio.fs.WindowsPathParser::normalize (233 bytes)
Total: 2

VM state: not at safepoint (normal execution)

VM Mutex/Monitor currently owned by a thread: None

Heap address: 0x0000000080000000, size: 2048 MB, Compressed Oops mode: 32-bit

CDS archive(s) mapped at: [0x000001ae53000000-0x000001ae53ba0000-0x000001ae53ba0000), size 12189696, SharedBaseAddress: 0x000001ae53000000, ArchiveRelocationMode: 1.
Compressed class space mapped at: 0x000001ae54000000-0x000001ae94000000, reserved size: 1073741824
Narrow klass base: 0x000001ae53000000, Narrow klass shift: 0, Narrow klass range: 0x100000000

GC Precious Log:
 CardTable entry size: 512
 CPUs: 4 total, 4 available
 Memory: 8143M
 Large Page Support: Disabled
 NUMA Support: Disabled
 Compressed Oops: Enabled (32-bit)
 Alignments: Space 512K, Generation 512K, Heap 2M
 Heap Min Capacity: 100M
 Heap Initial Capacity: 100M
 Heap Max Capacity: 2G
 Pre-touch: Disabled
 Parallel Workers: 4

Heap:
 PSYoungGen      total 14336K, used 8927K [0x00000000d5580000, 0x00000000d6b80000, 0x0000000100000000)
  eden space 13824K, 60% used [0x00000000d5580000,0x00000000d5db7dd8,0x00000000d6300000)
  from space 512K, 100% used [0x00000000d6a80000,0x00000000d6b00000,0x00000000d6b00000)
  to   space 512K, 0% used [0x00000000d6b00000,0x00000000d6b00000,0x00000000d6b80000)
 ParOldGen       total 68608K, used 34959K [0x0000000080000000, 0x0000000084300000, 0x00000000d5580000)
  object space 68608K, 50% used [0x0000000080000000,0x0000000082223c08,0x0000000084300000)
 Metaspace       used 47961K, committed 49280K, reserved 1114112K
  class space    used 5216K, committed 5760K, reserved 1048576K

Card table byte_map: [0x000001ae3bdf0000,0x000001ae3c200000] _byte_map_base: 0x000001ae3b9f0000

Marking Bits: (ParMarkBitMap*) 0x00007ff9c45444a0
 Begin Bits: [0x000001ae4e8d0000, 0x000001ae508d0000)
 End Bits:   [0x000001ae508d0000, 0x000001ae528d0000)

Polling page: 0x000001ae3bbe0000

Metaspace:

Usage:
  Non-class:     41.74 MB used.
      Class:      5.09 MB used.
       Both:     46.84 MB used.

Virtual space:
  Non-class space:       64.00 MB reserved,      42.50 MB ( 66%) committed,  1 nodes.
      Class space:        1.00 GB reserved,       5.62 MB ( <1%) committed,  1 nodes.
             Both:        1.06 GB reserved,      48.12 MB (  4%) committed. 

Chunk freelists:
   Non-Class:  5.53 MB
       Class:  10.41 MB
        Both:  15.94 MB

MaxMetaspaceSize: unlimited
CompressedClassSpaceSize: 1.00 GB
Initial GC threshold: 21.00 MB
Current GC threshold: 58.38 MB
CDS: on
 - commit_granule_bytes: 65536.
 - commit_granule_words: 8192.
 - virtual_space_node_default_size: 8388608.
 - enlarge_chunks_in_place: 1.
 - use_allocation_guard: 0.


Internal statistics:

num_allocs_failed_limit: 6.
num_arena_births: 994.
num_arena_deaths: 14.
num_vsnodes_births: 2.
num_vsnodes_deaths: 0.
num_space_committed: 770.
num_space_uncommitted: 0.
num_chunks_returned_to_freelist: 20.
num_chunks_taken_from_freelist: 3164.
num_chunk_merges: 9.
num_chunk_splits: 1965.
num_chunks_enlarged: 1129.
num_inconsistent_stats: 0.

CodeHeap 'non-profiled nmethods': size=120000Kb used=3886Kb max_used=3886Kb free=116113Kb
 bounds [0x000001ae470f0000, 0x000001ae474c0000, 0x000001ae4e620000]
CodeHeap 'profiled nmethods': size=120000Kb used=13894Kb max_used=13894Kb free=106105Kb
 bounds [0x000001ae3f620000, 0x000001ae403c0000, 0x000001ae46b50000]
CodeHeap 'non-nmethods': size=5760Kb used=1361Kb max_used=1414Kb free=4398Kb
 bounds [0x000001ae46b50000, 0x000001ae46dc0000, 0x000001ae470f0000]
CodeCache: size=245760Kb, used=19141Kb, max_used=19194Kb, free=226616Kb
 total_blobs=7141, nmethods=6481, adapters=566, full_count=0
Compilation: enabled, stopped_count=0, restarted_count=0

Compilation events (20 events):
Event: 46.239 Thread 0x000001ae52e1bf00 7068       1       com.google.gson.stream.JsonWriter::setHtmlSafe (6 bytes)
Event: 46.239 Thread 0x000001ae52e1bf00 nmethod 7068 0x000001ae474ba810 code [0x000001ae474ba9a0, 0x000001ae474baa70]
Event: 46.240 Thread 0x000001ae52e1bf00 7069       1       com.google.gson.stream.JsonWriter::setSerializeNulls (6 bytes)
Event: 46.240 Thread 0x000001ae52e1bf00 nmethod 7069 0x000001ae474bab10 code [0x000001ae474baca0, 0x000001ae474bad70]
Event: 46.422 Thread 0x000001ae52e1bf00 7071       1       org.eclipse.core.internal.jobs.InternalJob::getJobGroup (5 bytes)
Event: 46.422 Thread 0x000001ae52e1bf00 nmethod 7071 0x000001ae474bae10 code [0x000001ae474bafa0, 0x000001ae474bb068]
Event: 46.422 Thread 0x000001ae52e1bf00 7070       1       org.eclipse.core.internal.dtree.DeltaDataTree::getParent (5 bytes)
Event: 46.422 Thread 0x000001ae52e1bf00 nmethod 7070 0x000001ae474bb110 code [0x000001ae474bb2a0, 0x000001ae474bb368]
Event: 46.436 Thread 0x000001ae52e1bf00 7072       3       java.lang.StackTraceElement::of (39 bytes)
Event: 46.436 Thread 0x000001ae52e1bf00 nmethod 7072 0x000001ae403adc10 code [0x000001ae403ade00, 0x000001ae403ae328]
Event: 46.436 Thread 0x000001ae52e1bf00 7073       3       java.lang.StackTraceElement::of (30 bytes)
Event: 46.436 Thread 0x000001ae52e1bf00 nmethod 7073 0x000001ae403ae510 code [0x000001ae403ae6c0, 0x000001ae403ae8b0]
Event: 46.439 Thread 0x000001ae52e1bf00 7076       3       com.google.gson.stream.JsonReader::nextQuotedValue (296 bytes)
Event: 46.439 Thread 0x000001ae52e1af80 7074       4       java.lang.AbstractStringBuilder::appendChars (130 bytes)
Event: 46.440 Thread 0x000001ae52e1bf00 nmethod 7076 0x000001ae403aea10 code [0x000001ae403aed20, 0x000001ae403afbf8]
Event: 46.440 Thread 0x000001ae52e1bf00 7075       3       com.google.gson.stream.JsonReader::readEscapeCharacter (422 bytes)
Event: 46.441 Thread 0x000001ae52e1bf00 nmethod 7075 0x000001ae403b0310 code [0x000001ae403b0620, 0x000001ae403b1448]
Event: 46.445 Thread 0x000001ae52e1af80 nmethod 7074 0x000001ae474bb410 code [0x000001ae474bb5c0, 0x000001ae474bb970]
Event: 46.446 Thread 0x000001ae52e1af80 7077       4       java.net.URI$Parser::scan (41 bytes)
Event: 46.447 Thread 0x000001ae52e1bf00 7079       3       sun.nio.fs.WindowsPathParser::normalize (233 bytes)

GC Heap History (20 events):
Event: 23.901 GC heap before
{Heap before GC invocations=16 (full 2):
 PSYoungGen      total 24576K, used 22011K [0x00000000d5580000, 0x00000000d7200000, 0x0000000100000000)
  eden space 22016K, 99% used [0x00000000d5580000,0x00000000d6afeec8,0x00000000d6b00000)
  from space 2560K, 0% used [0x00000000d6d80000,0x00000000d6d80000,0x00000000d7000000)
  to   space 1536K, 0% used [0x00000000d7080000,0x00000000d7080000,0x00000000d7200000)
 ParOldGen       total 68608K, used 18637K [0x0000000080000000, 0x0000000084300000, 0x00000000d5580000)
  object space 68608K, 27% used [0x0000000080000000,0x0000000081233718,0x0000000084300000)
 Metaspace       used 37204K, committed 38336K, reserved 1114112K
  class space    used 3951K, committed 4416K, reserved 1048576K
}
Event: 23.903 GC heap after
{Heap after GC invocations=16 (full 2):
 PSYoungGen      total 23552K, used 1364K [0x00000000d5580000, 0x00000000d7200000, 0x0000000100000000)
  eden space 22016K, 0% used [0x00000000d5580000,0x00000000d5580000,0x00000000d6b00000)
  from space 1536K, 88% used [0x00000000d7080000,0x00000000d71d52e0,0x00000000d7200000)
  to   space 1536K, 0% used [0x00000000d6f00000,0x00000000d6f00000,0x00000000d7080000)
 ParOldGen       total 68608K, used 18645K [0x0000000080000000, 0x0000000084300000, 0x00000000d5580000)
  object space 68608K, 27% used [0x0000000080000000,0x0000000081235718,0x0000000084300000)
 Metaspace       used 37204K, committed 38336K, reserved 1114112K
  class space    used 3951K, committed 4416K, reserved 1048576K
}
Event: 24.212 GC heap before
{Heap before GC invocations=17 (full 2):
 PSYoungGen      total 23552K, used 23373K [0x00000000d5580000, 0x00000000d7200000, 0x0000000100000000)
  eden space 22016K, 99% used [0x00000000d5580000,0x00000000d6afe148,0x00000000d6b00000)
  from space 1536K, 88% used [0x00000000d7080000,0x00000000d71d52e0,0x00000000d7200000)
  to   space 1536K, 0% used [0x00000000d6f00000,0x00000000d6f00000,0x00000000d7080000)
 ParOldGen       total 68608K, used 18645K [0x0000000080000000, 0x0000000084300000, 0x00000000d5580000)
  object space 68608K, 27% used [0x0000000080000000,0x0000000081235718,0x0000000084300000)
 Metaspace       used 39721K, committed 40960K, reserved 1114112K
  class space    used 4277K, committed 4800K, reserved 1048576K
}
Event: 24.214 GC heap after
{Heap after GC invocations=17 (full 2):
 PSYoungGen      total 23552K, used 1120K [0x00000000d5580000, 0x00000000d7100000, 0x0000000100000000)
  eden space 22016K, 0% used [0x00000000d5580000,0x00000000d5580000,0x00000000d6b00000)
  from space 1536K, 72% used [0x00000000d6f00000,0x00000000d7018000,0x00000000d7080000)
  to   space 512K, 0% used [0x00000000d7080000,0x00000000d7080000,0x00000000d7100000)
 ParOldGen       total 68608K, used 19804K [0x0000000080000000, 0x0000000084300000, 0x00000000d5580000)
  object space 68608K, 28% used [0x0000000080000000,0x0000000081357030,0x0000000084300000)
 Metaspace       used 39721K, committed 40960K, reserved 1114112K
  class space    used 4277K, committed 4800K, reserved 1048576K
}
Event: 25.401 GC heap before
{Heap before GC invocations=18 (full 2):
 PSYoungGen      total 23552K, used 23136K [0x00000000d5580000, 0x00000000d7100000, 0x0000000100000000)
  eden space 22016K, 100% used [0x00000000d5580000,0x00000000d6b00000,0x00000000d6b00000)
  from space 1536K, 72% used [0x00000000d6f00000,0x00000000d7018000,0x00000000d7080000)
  to   space 512K, 0% used [0x00000000d7080000,0x00000000d7080000,0x00000000d7100000)
 ParOldGen       total 68608K, used 19804K [0x0000000080000000, 0x0000000084300000, 0x00000000d5580000)
  object space 68608K, 28% used [0x0000000080000000,0x0000000081357030,0x0000000084300000)
 Metaspace       used 42006K, committed 43264K, reserved 1114112K
  class space    used 4534K, committed 5056K, reserved 1048576K
}
Event: 25.406 GC heap after
{Heap after GC invocations=18 (full 2):
 PSYoungGen      total 22528K, used 512K [0x00000000d5580000, 0x00000000d7100000, 0x0000000100000000)
  eden space 22016K, 0% used [0x00000000d5580000,0x00000000d5580000,0x00000000d6b00000)
  from space 512K, 100% used [0x00000000d7080000,0x00000000d7100000,0x00000000d7100000)
  to   space 2560K, 0% used [0x00000000d6c00000,0x00000000d6c00000,0x00000000d6e80000)
 ParOldGen       total 68608K, used 21550K [0x0000000080000000, 0x0000000084300000, 0x00000000d5580000)
  object space 68608K, 31% used [0x0000000080000000,0x000000008150bb70,0x0000000084300000)
 Metaspace       used 42006K, committed 43264K, reserved 1114112K
  class space    used 4534K, committed 5056K, reserved 1048576K
}
Event: 28.255 GC heap before
{Heap before GC invocations=19 (full 2):
 PSYoungGen      total 22528K, used 22528K [0x00000000d5580000, 0x00000000d7100000, 0x0000000100000000)
  eden space 22016K, 100% used [0x00000000d5580000,0x00000000d6b00000,0x00000000d6b00000)
  from space 512K, 100% used [0x00000000d7080000,0x00000000d7100000,0x00000000d7100000)
  to   space 2560K, 0% used [0x00000000d6c00000,0x00000000d6c00000,0x00000000d6e80000)
 ParOldGen       total 68608K, used 21550K [0x0000000080000000, 0x0000000084300000, 0x00000000d5580000)
  object space 68608K, 31% used [0x0000000080000000,0x000000008150bb70,0x0000000084300000)
 Metaspace       used 44176K, committed 45504K, reserved 1114112K
  class space    used 4801K, committed 5376K, reserved 1048576K
}
Event: 28.260 GC heap after
{Heap after GC invocations=19 (full 2):
 PSYoungGen      total 24576K, used 2560K [0x00000000d5580000, 0x00000000d7300000, 0x0000000100000000)
  eden space 22016K, 0% used [0x00000000d5580000,0x00000000d5580000,0x00000000d6b00000)
  from space 2560K, 100% used [0x00000000d6c00000,0x00000000d6e80000,0x00000000d6e80000)
  to   space 4096K, 0% used [0x00000000d6f00000,0x00000000d6f00000,0x00000000d7300000)
 ParOldGen       total 68608K, used 22629K [0x0000000080000000, 0x0000000084300000, 0x00000000d5580000)
  object space 68608K, 32% used [0x0000000080000000,0x0000000081619480,0x0000000084300000)
 Metaspace       used 44176K, committed 45504K, reserved 1114112K
  class space    used 4801K, committed 5376K, reserved 1048576K
}
Event: 30.826 GC heap before
{Heap before GC invocations=20 (full 2):
 PSYoungGen      total 24576K, used 24576K [0x00000000d5580000, 0x00000000d7300000, 0x0000000100000000)
  eden space 22016K, 100% used [0x00000000d5580000,0x00000000d6b00000,0x00000000d6b00000)
  from space 2560K, 100% used [0x00000000d6c00000,0x00000000d6e80000,0x00000000d6e80000)
  to   space 4096K, 0% used [0x00000000d6f00000,0x00000000d6f00000,0x00000000d7300000)
 ParOldGen       total 68608K, used 22629K [0x0000000080000000, 0x0000000084300000, 0x00000000d5580000)
  object space 68608K, 32% used [0x0000000080000000,0x0000000081619480,0x0000000084300000)
 Metaspace       used 45317K, committed 46592K, reserved 1114112K
  class space    used 4945K, committed 5504K, reserved 1048576K
}
Event: 30.841 GC heap after
{Heap after GC invocations=20 (full 2):
 PSYoungGen      total 17920K, used 4074K [0x00000000d5580000, 0x00000000d8300000, 0x0000000100000000)
  eden space 13824K, 0% used [0x00000000d5580000,0x00000000d5580000,0x00000000d6300000)
  from space 4096K, 99% used [0x00000000d6f00000,0x00000000d72fa878,0x00000000d7300000)
  to   space 12288K, 0% used [0x00000000d6300000,0x00000000d6300000,0x00000000d6f00000)
 ParOldGen       total 68608K, used 29453K [0x0000000080000000, 0x0000000084300000, 0x00000000d5580000)
  object space 68608K, 42% used [0x0000000080000000,0x0000000081cc37f8,0x0000000084300000)
 Metaspace       used 45317K, committed 46592K, reserved 1114112K
  class space    used 4945K, committed 5504K, reserved 1048576K
}
Event: 34.136 GC heap before
{Heap before GC invocations=21 (full 2):
 PSYoungGen      total 17920K, used 17888K [0x00000000d5580000, 0x00000000d8300000, 0x0000000100000000)
  eden space 13824K, 99% used [0x00000000d5580000,0x00000000d62fd9f0,0x00000000d6300000)
  from space 4096K, 99% used [0x00000000d6f00000,0x00000000d72fa878,0x00000000d7300000)
  to   space 12288K, 0% used [0x00000000d6300000,0x00000000d6300000,0x00000000d6f00000)
 ParOldGen       total 68608K, used 29453K [0x0000000080000000, 0x0000000084300000, 0x00000000d5580000)
  object space 68608K, 42% used [0x0000000080000000,0x0000000081cc37f8,0x0000000084300000)
 Metaspace       used 46861K, committed 48192K, reserved 1114112K
  class space    used 5132K, committed 5696K, reserved 1048576K
}
Event: 34.143 GC heap after
{Heap after GC invocations=21 (full 2):
 PSYoungGen      total 14848K, used 783K [0x00000000d5580000, 0x00000000d6f80000, 0x0000000100000000)
  eden space 13824K, 0% used [0x00000000d5580000,0x00000000d5580000,0x00000000d6300000)
  from space 1024K, 76% used [0x00000000d6300000,0x00000000d63c3c78,0x00000000d6400000)
  to   space 4608K, 0% used [0x00000000d6b00000,0x00000000d6b00000,0x00000000d6f80000)
 ParOldGen       total 68608K, used 33525K [0x0000000080000000, 0x0000000084300000, 0x00000000d5580000)
  object space 68608K, 48% used [0x0000000080000000,0x00000000820bd548,0x0000000084300000)
 Metaspace       used 46861K, committed 48192K, reserved 1114112K
  class space    used 5132K, committed 5696K, reserved 1048576K
}
Event: 38.037 GC heap before
{Heap before GC invocations=22 (full 2):
 PSYoungGen      total 14848K, used 14607K [0x00000000d5580000, 0x00000000d6f80000, 0x0000000100000000)
  eden space 13824K, 100% used [0x00000000d5580000,0x00000000d6300000,0x00000000d6300000)
  from space 1024K, 76% used [0x00000000d6300000,0x00000000d63c3c78,0x00000000d6400000)
  to   space 4608K, 0% used [0x00000000d6b00000,0x00000000d6b00000,0x00000000d6f80000)
 ParOldGen       total 68608K, used 33525K [0x0000000080000000, 0x0000000084300000, 0x00000000d5580000)
  object space 68608K, 48% used [0x0000000080000000,0x00000000820bd548,0x0000000084300000)
 Metaspace       used 47407K, committed 48704K, reserved 1114112K
  class space    used 5161K, committed 5696K, reserved 1048576K
}
Event: 38.041 GC heap after
{Heap after GC invocations=22 (full 2):
 PSYoungGen      total 14848K, used 576K [0x00000000d5580000, 0x00000000d6c00000, 0x0000000100000000)
  eden space 13824K, 0% used [0x00000000d5580000,0x00000000d5580000,0x00000000d6300000)
  from space 1024K, 56% used [0x00000000d6b00000,0x00000000d6b90000,0x00000000d6c00000)
  to   space 1536K, 0% used [0x00000000d6900000,0x00000000d6900000,0x00000000d6a80000)
 ParOldGen       total 68608K, used 34221K [0x0000000080000000, 0x0000000084300000, 0x00000000d5580000)
  object space 68608K, 49% used [0x0000000080000000,0x000000008216b6b0,0x0000000084300000)
 Metaspace       used 47407K, committed 48704K, reserved 1114112K
  class space    used 5161K, committed 5696K, reserved 1048576K
}
Event: 41.234 GC heap before
{Heap before GC invocations=23 (full 2):
 PSYoungGen      total 14848K, used 14400K [0x00000000d5580000, 0x00000000d6c00000, 0x0000000100000000)
  eden space 13824K, 100% used [0x00000000d5580000,0x00000000d6300000,0x00000000d6300000)
  from space 1024K, 56% used [0x00000000d6b00000,0x00000000d6b90000,0x00000000d6c00000)
  to   space 1536K, 0% used [0x00000000d6900000,0x00000000d6900000,0x00000000d6a80000)
 ParOldGen       total 68608K, used 34221K [0x0000000080000000, 0x0000000084300000, 0x00000000d5580000)
  object space 68608K, 49% used [0x0000000080000000,0x000000008216b6b0,0x0000000084300000)
 Metaspace       used 47421K, committed 48768K, reserved 1114112K
  class space    used 5161K, committed 5696K, reserved 1048576K
}
Event: 41.239 GC heap after
{Heap after GC invocations=23 (full 2):
 PSYoungGen      total 15360K, used 128K [0x00000000d5580000, 0x00000000d6b80000, 0x0000000100000000)
  eden space 13824K, 0% used [0x00000000d5580000,0x00000000d5580000,0x00000000d6300000)
  from space 1536K, 8% used [0x00000000d6900000,0x00000000d6920000,0x00000000d6a80000)
  to   space 512K, 0% used [0x00000000d6b00000,0x00000000d6b00000,0x00000000d6b80000)
 ParOldGen       total 68608K, used 34759K [0x0000000080000000, 0x0000000084300000, 0x00000000d5580000)
  object space 68608K, 50% used [0x0000000080000000,0x00000000821f1c08,0x0000000084300000)
 Metaspace       used 47421K, committed 48768K, reserved 1114112K
  class space    used 5161K, committed 5696K, reserved 1048576K
}
Event: 43.327 GC heap before
{Heap before GC invocations=24 (full 2):
 PSYoungGen      total 15360K, used 13952K [0x00000000d5580000, 0x00000000d6b80000, 0x0000000100000000)
  eden space 13824K, 100% used [0x00000000d5580000,0x00000000d6300000,0x00000000d6300000)
  from space 1536K, 8% used [0x00000000d6900000,0x00000000d6920000,0x00000000d6a80000)
  to   space 512K, 0% used [0x00000000d6b00000,0x00000000d6b00000,0x00000000d6b80000)
 ParOldGen       total 68608K, used 34759K [0x0000000080000000, 0x0000000084300000, 0x00000000d5580000)
  object space 68608K, 50% used [0x0000000080000000,0x00000000821f1c08,0x0000000084300000)
 Metaspace       used 47475K, committed 48768K, reserved 1114112K
  class space    used 5170K, committed 5696K, reserved 1048576K
}
Event: 43.335 GC heap after
{Heap after GC invocations=24 (full 2):
 PSYoungGen      total 14336K, used 300K [0x00000000d5580000, 0x00000000d6b80000, 0x0000000100000000)
  eden space 13824K, 0% used [0x00000000d5580000,0x00000000d5580000,0x00000000d6300000)
  from space 512K, 58% used [0x00000000d6b00000,0x00000000d6b4b360,0x00000000d6b80000)
  to   space 512K, 0% used [0x00000000d6a80000,0x00000000d6a80000,0x00000000d6b00000)
 ParOldGen       total 68608K, used 34775K [0x0000000080000000, 0x0000000084300000, 0x00000000d5580000)
  object space 68608K, 50% used [0x0000000080000000,0x00000000821f5c08,0x0000000084300000)
 Metaspace       used 47475K, committed 48768K, reserved 1114112K
  class space    used 5170K, committed 5696K, reserved 1048576K
}
Event: 44.700 GC heap before
{Heap before GC invocations=25 (full 2):
 PSYoungGen      total 14336K, used 14124K [0x00000000d5580000, 0x00000000d6b80000, 0x0000000100000000)
  eden space 13824K, 100% used [0x00000000d5580000,0x00000000d6300000,0x00000000d6300000)
  from space 512K, 58% used [0x00000000d6b00000,0x00000000d6b4b360,0x00000000d6b80000)
  to   space 512K, 0% used [0x00000000d6a80000,0x00000000d6a80000,0x00000000d6b00000)
 ParOldGen       total 68608K, used 34775K [0x0000000080000000, 0x0000000084300000, 0x00000000d5580000)
  object space 68608K, 50% used [0x0000000080000000,0x00000000821f5c08,0x0000000084300000)
 Metaspace       used 47788K, committed 49024K, reserved 1114112K
  class space    used 5197K, committed 5696K, reserved 1048576K
}
Event: 44.706 GC heap after
{Heap after GC invocations=25 (full 2):
 PSYoungGen      total 14336K, used 512K [0x00000000d5580000, 0x00000000d6b80000, 0x0000000100000000)
  eden space 13824K, 0% used [0x00000000d5580000,0x00000000d5580000,0x00000000d6300000)
  from space 512K, 100% used [0x00000000d6a80000,0x00000000d6b00000,0x00000000d6b00000)
  to   space 512K, 0% used [0x00000000d6b00000,0x00000000d6b00000,0x00000000d6b80000)
 ParOldGen       total 68608K, used 34959K [0x0000000080000000, 0x0000000084300000, 0x00000000d5580000)
  object space 68608K, 50% used [0x0000000080000000,0x0000000082223c08,0x0000000084300000)
 Metaspace       used 47788K, committed 49024K, reserved 1114112K
  class space    used 5197K, committed 5696K, reserved 1048576K
}

Dll operation events (20 events):
Event: 0.008 Attempting to load shared library c:\Users\kusha\.antigravity-ide\extensions\redhat.java-1.56.0-win32-x64\jre\21.0.12.1-win32-x86_64\bin\java.dll
Event: 0.008 Loaded shared library c:\Users\kusha\.antigravity-ide\extensions\redhat.java-1.56.0-win32-x64\jre\21.0.12.1-win32-x86_64\bin\java.dll
Event: 0.063 Attempting to load shared library c:\Users\kusha\.antigravity-ide\extensions\redhat.java-1.56.0-win32-x64\jre\21.0.12.1-win32-x86_64\bin\zip.dll
Event: 0.064 Loaded shared library c:\Users\kusha\.antigravity-ide\extensions\redhat.java-1.56.0-win32-x64\jre\21.0.12.1-win32-x86_64\bin\zip.dll
Event: 0.082 Attempting to load shared library C:\Users\kusha\.antigravity-ide\extensions\redhat.java-1.56.0-win32-x64\jre\21.0.12.1-win32-x86_64\bin\instrument.dll
Event: 0.082 Loaded shared library C:\Users\kusha\.antigravity-ide\extensions\redhat.java-1.56.0-win32-x64\jre\21.0.12.1-win32-x86_64\bin\instrument.dll
Event: 0.086 Attempting to load shared library C:\Users\kusha\.antigravity-ide\extensions\redhat.java-1.56.0-win32-x64\jre\21.0.12.1-win32-x86_64\bin\net.dll
Event: 0.087 Loaded shared library C:\Users\kusha\.antigravity-ide\extensions\redhat.java-1.56.0-win32-x64\jre\21.0.12.1-win32-x86_64\bin\net.dll
Event: 0.089 Attempting to load shared library C:\Users\kusha\.antigravity-ide\extensions\redhat.java-1.56.0-win32-x64\jre\21.0.12.1-win32-x86_64\bin\nio.dll
Event: 0.089 Loaded shared library C:\Users\kusha\.antigravity-ide\extensions\redhat.java-1.56.0-win32-x64\jre\21.0.12.1-win32-x86_64\bin\nio.dll
Event: 0.093 Attempting to load shared library C:\Users\kusha\.antigravity-ide\extensions\redhat.java-1.56.0-win32-x64\jre\21.0.12.1-win32-x86_64\bin\zip.dll
Event: 0.093 Loaded shared library C:\Users\kusha\.antigravity-ide\extensions\redhat.java-1.56.0-win32-x64\jre\21.0.12.1-win32-x86_64\bin\zip.dll
Event: 0.111 Attempting to load shared library C:\Users\kusha\.antigravity-ide\extensions\redhat.java-1.56.0-win32-x64\jre\21.0.12.1-win32-x86_64\bin\jimage.dll
Event: 0.111 Loaded shared library C:\Users\kusha\.antigravity-ide\extensions\redhat.java-1.56.0-win32-x64\jre\21.0.12.1-win32-x86_64\bin\jimage.dll
Event: 0.180 Attempting to load shared library c:\Users\kusha\.antigravity-ide\extensions\redhat.java-1.56.0-win32-x64\jre\21.0.12.1-win32-x86_64\bin\verify.dll
Event: 0.180 Loaded shared library c:\Users\kusha\.antigravity-ide\extensions\redhat.java-1.56.0-win32-x64\jre\21.0.12.1-win32-x86_64\bin\verify.dll
Event: 3.456 Attempting to load shared library C:\Users\kusha\AppData\Roaming\Antigravity IDE\User\globalStorage\redhat.java\1.56.0\config_win\org.eclipse.equinox.launcher\org.eclipse.equinox.launcher.win32.win32.x86_64_1.3.100.v20260804-1928\eclipse_11924.dll
Event: 3.458 Loaded shared library C:\Users\kusha\AppData\Roaming\Antigravity IDE\User\globalStorage\redhat.java\1.56.0\config_win\org.eclipse.equinox.launcher\org.eclipse.equinox.launcher.win32.win32.x86_64_1.3.100.v20260804-1928\eclipse_11924.dll
Event: 10.921 Attempting to load shared library C:\Users\kusha\AppData\Local\Temp\jna-102416130\jna17566864006962907633.dll
Event: 10.992 Loaded shared library C:\Users\kusha\AppData\Local\Temp\jna-102416130\jna17566864006962907633.dll

Deoptimization events (20 events):
Event: 44.338 Thread 0x000001ae999bd200 DEOPT PACKING pc=0x000001ae47474740 sp=0x0000006a6c9feee0
Event: 44.338 Thread 0x000001ae999bd200 DEOPT UNPACKING pc=0x000001ae46ba3aa2 sp=0x0000006a6c9fee38 mode 2
Event: 45.507 Thread 0x000001ae999bd200 Uncommon trap: trap_request=0xffffffde fr.pc=0x000001ae47476518 relative=0x0000000000000578
Event: 45.507 Thread 0x000001ae999bd200 Uncommon trap: reason=class_check action=maybe_recompile pc=0x000001ae47476518 method=java.util.regex.Pattern$SliceU.match(Ljava/util/regex/Matcher;ILjava/lang/CharSequence;)Z @ 95 c2
Event: 45.507 Thread 0x000001ae999bd200 DEOPT PACKING pc=0x000001ae47476518 sp=0x0000006a6c9fef40
Event: 45.507 Thread 0x000001ae999bd200 DEOPT UNPACKING pc=0x000001ae46ba3aa2 sp=0x0000006a6c9fee58 mode 2
Event: 46.222 Thread 0x000001ae999bd200 Uncommon trap: trap_request=0xffffff45 fr.pc=0x000001ae47455810 relative=0x0000000000000e30
Event: 46.222 Thread 0x000001ae999bd200 Uncommon trap: reason=unstable_if action=reinterpret pc=0x000001ae47455810 method=sun.nio.fs.WindowsPathParser.normalize(Ljava/lang/StringBuilder;Ljava/lang/String;I)Ljava/lang/String; @ 100 c2
Event: 46.222 Thread 0x000001ae999bd200 DEOPT PACKING pc=0x000001ae47455810 sp=0x0000006a6c9feea0
Event: 46.222 Thread 0x000001ae999bd200 DEOPT UNPACKING pc=0x000001ae46ba3aa2 sp=0x0000006a6c9fee80 mode 2
Event: 46.228 Thread 0x000001ae999bd200 Uncommon trap: trap_request=0xffffff45 fr.pc=0x000001ae4721128c relative=0x00000000000000ec
Event: 46.228 Thread 0x000001ae999bd200 Uncommon trap: reason=unstable_if action=reinterpret pc=0x000001ae4721128c method=java.util.concurrent.locks.ReentrantLock$NonfairSync.initialTryLock()Z @ 25 c2
Event: 46.228 Thread 0x000001ae999bd200 DEOPT PACKING pc=0x000001ae4721128c sp=0x0000006a6c9ff0f0
Event: 46.228 Thread 0x000001ae999bd200 DEOPT UNPACKING pc=0x000001ae46ba3aa2 sp=0x0000006a6c9fefb8 mode 2
Event: 46.438 Thread 0x000001ae999b96f0 Uncommon trap: trap_request=0xffffff45 fr.pc=0x000001ae471eba80 relative=0x0000000000001520
Event: 46.438 Thread 0x000001ae999b96f0 Uncommon trap: reason=unstable_if action=reinterpret pc=0x000001ae471eba80 method=com.google.gson.stream.JsonReader.nextQuotedValue(C)Ljava/lang/String; @ 121 c2
Event: 46.438 Thread 0x000001ae999b96f0 DEOPT PACKING pc=0x000001ae471eba80 sp=0x0000006a6d3fe8d0
Event: 46.438 Thread 0x000001ae999b96f0 DEOPT UNPACKING pc=0x000001ae46ba3aa2 sp=0x0000006a6d3fe8d8 mode 2
Event: 46.446 Thread 0x000001ae999b96f0 DEOPT PACKING pc=0x000001ae3f6c3ef8 sp=0x0000006a6d3fe0c0
Event: 46.446 Thread 0x000001ae999b96f0 DEOPT UNPACKING pc=0x000001ae46ba4242 sp=0x0000006a6d3fd5a8 mode 0

Classes loaded (20 events):
Event: 36.132 Loading class sun/util/cldr/CLDRTimeZoneNameProviderImpl
Event: 36.132 Loading class sun/util/locale/provider/TimeZoneNameProviderImpl
Event: 36.132 Loading class sun/util/locale/provider/TimeZoneNameProviderImpl done
Event: 36.132 Loading class sun/util/cldr/CLDRTimeZoneNameProviderImpl done
Event: 36.136 Loading class sun/util/resources/cldr/TimeZoneNames
Event: 36.136 Loading class sun/util/resources/TimeZoneNamesBundle
Event: 36.137 Loading class sun/util/resources/OpenListResourceBundle
Event: 36.137 Loading class sun/util/resources/OpenListResourceBundle done
Event: 36.137 Loading class sun/util/resources/TimeZoneNamesBundle done
Event: 36.137 Loading class sun/util/resources/cldr/TimeZoneNames done
Event: 36.137 Loading class sun/util/resources/cldr/TimeZoneNames_en
Event: 36.138 Loading class sun/util/resources/cldr/TimeZoneNames_en done
Event: 36.138 Loading class sun/util/resources/cldr/TimeZoneNames_en_US
Event: 36.138 Loading class sun/util/resources/cldr/TimeZoneNames_en_US done
Event: 36.139 Loading class sun/util/cldr/CLDRBaseLocaleDataMetaInfo$TZCanonicalIDMapHolder
Event: 36.145 Loading class sun/util/cldr/CLDRBaseLocaleDataMetaInfo$TZCanonicalIDMapHolder done
Event: 36.149 Loading class sun/util/resources/TimeZoneNames
Event: 36.153 Loading class sun/util/resources/TimeZoneNames done
Event: 36.153 Loading class sun/util/resources/TimeZoneNames_en
Event: 36.155 Loading class sun/util/resources/TimeZoneNames_en done

Classes unloaded (7 events):
Event: 15.031 Thread 0x000001ae52e0ee50 Unloading class 0x000001ae541a9400 'java/lang/invoke/LambdaForm$MH+0x000001ae541a9400'
Event: 15.031 Thread 0x000001ae52e0ee50 Unloading class 0x000001ae541a9000 'java/lang/invoke/LambdaForm$MH+0x000001ae541a9000'
Event: 15.031 Thread 0x000001ae52e0ee50 Unloading class 0x000001ae541a8c00 'java/lang/invoke/LambdaForm$MH+0x000001ae541a8c00'
Event: 15.031 Thread 0x000001ae52e0ee50 Unloading class 0x000001ae541a8800 'java/lang/invoke/LambdaForm$MH+0x000001ae541a8800'
Event: 15.031 Thread 0x000001ae52e0ee50 Unloading class 0x000001ae541a8400 'java/lang/invoke/LambdaForm$BMH+0x000001ae541a8400'
Event: 15.031 Thread 0x000001ae52e0ee50 Unloading class 0x000001ae541a8000 'java/lang/invoke/LambdaForm$DMH+0x000001ae541a8000'
Event: 15.031 Thread 0x000001ae52e0ee50 Unloading class 0x000001ae541a6c00 'java/lang/invoke/LambdaForm$DMH+0x000001ae541a6c00'

Classes redefined (0 events):
No events

Internal exceptions (20 events):
Event: 45.505 Thread 0x000001ae999bd200 Exception <a 'sun/nio/fs/WindowsException'{0x00000000d59feb48}> (0x00000000d59feb48) 
thrown [s\src\hotspot\share\prims\jni.cpp, line 520]
Event: 45.506 Thread 0x000001ae999bd200 Exception <a 'sun/nio/fs/WindowsException'{0x00000000d5a06918}> (0x00000000d5a06918) 
thrown [s\src\hotspot\share\prims\jni.cpp, line 520]
Event: 45.506 Thread 0x000001ae999bd200 Exception <a 'sun/nio/fs/WindowsException'{0x00000000d5a0a4f8}> (0x00000000d5a0a4f8) 
thrown [s\src\hotspot\share\prims\jni.cpp, line 520]
Event: 45.506 Thread 0x000001ae999bd200 Exception <a 'sun/nio/fs/WindowsException'{0x00000000d5a0e658}> (0x00000000d5a0e658) 
thrown [s\src\hotspot\share\prims\jni.cpp, line 520]
Event: 45.507 Thread 0x000001ae999bd200 Exception <a 'sun/nio/fs/WindowsException'{0x00000000d5a12cd8}> (0x00000000d5a12cd8) 
thrown [s\src\hotspot\share\prims\jni.cpp, line 520]
Event: 45.507 Thread 0x000001ae999bd200 Exception <a 'sun/nio/fs/WindowsException'{0x00000000d5a1bff0}> (0x00000000d5a1bff0) 
thrown [s\src\hotspot\share\prims\jni.cpp, line 520]
Event: 45.508 Thread 0x000001ae999bd200 Exception <a 'sun/nio/fs/WindowsException'{0x00000000d5a20cc8}> (0x00000000d5a20cc8) 
thrown [s\src\hotspot\share\prims\jni.cpp, line 520]
Event: 46.200 Thread 0x000001ae999bd200 Exception <a 'sun/nio/fs/WindowsException'{0x00000000d5c13ca8}> (0x00000000d5c13ca8) 
thrown [s\src\hotspot\share\prims\jni.cpp, line 520]
Event: 46.200 Thread 0x000001ae999bd200 Exception <a 'sun/nio/fs/WindowsException'{0x00000000d5c186c8}> (0x00000000d5c186c8) 
thrown [s\src\hotspot\share\prims\jni.cpp, line 520]
Event: 46.201 Thread 0x000001ae999bd200 Exception <a 'sun/nio/fs/WindowsException'{0x00000000d5c1d3b8}> (0x00000000d5c1d3b8) 
thrown [s\src\hotspot\share\prims\jni.cpp, line 520]
Event: 46.201 Thread 0x000001ae999bd200 Exception <a 'sun/nio/fs/WindowsException'{0x00000000d5c22168}> (0x00000000d5c22168) 
thrown [s\src\hotspot\share\prims\jni.cpp, line 520]
Event: 46.205 Thread 0x000001ae999bd200 Exception <a 'sun/nio/fs/WindowsException'{0x00000000d5c26ef0}> (0x00000000d5c26ef0) 
thrown [s\src\hotspot\share\prims\jni.cpp, line 520]
Event: 46.206 Thread 0x000001ae999bd200 Exception <a 'sun/nio/fs/WindowsException'{0x00000000d5c2c4e0}> (0x00000000d5c2c4e0) 
thrown [s\src\hotspot\share\prims\jni.cpp, line 520]
Event: 46.206 Thread 0x000001ae999bd200 Exception <a 'sun/nio/fs/WindowsException'{0x00000000d5c30e70}> (0x00000000d5c30e70) 
thrown [s\src\hotspot\share\prims\jni.cpp, line 520]
Event: 46.207 Thread 0x000001ae999bd200 Exception <a 'sun/nio/fs/WindowsException'{0x00000000d5c357e0}> (0x00000000d5c357e0) 
thrown [s\src\hotspot\share\prims\jni.cpp, line 520]
Event: 46.207 Thread 0x000001ae999bd200 Exception <a 'sun/nio/fs/WindowsException'{0x00000000d5c3a548}> (0x00000000d5c3a548) 
thrown [s\src\hotspot\share\prims\jni.cpp, line 520]
Event: 46.208 Thread 0x000001ae999bd200 Exception <a 'sun/nio/fs/WindowsException'{0x00000000d5c3f050}> (0x00000000d5c3f050) 
thrown [s\src\hotspot\share\prims\jni.cpp, line 520]
Event: 46.215 Thread 0x000001ae999bd200 Exception <a 'sun/nio/fs/WindowsException'{0x00000000d5c45198}> (0x00000000d5c45198) 
thrown [s\src\hotspot\share\prims\jni.cpp, line 520]
Event: 46.218 Thread 0x000001ae999bd200 Exception <a 'sun/nio/fs/WindowsException'{0x00000000d5c4a2c0}> (0x00000000d5c4a2c0) 
thrown [s\src\hotspot\share\prims\jni.cpp, line 520]
Event: 46.220 Thread 0x000001ae999bd200 Exception <a 'sun/nio/fs/WindowsException'{0x00000000d5c4f4b8}> (0x00000000d5c4f4b8) 
thrown [s\src\hotspot\share\prims\jni.cpp, line 520]

ZGC Phase Switch (0 events):
No events

VM Operations (20 events):
Event: 39.044 Executing safepoint VM operation: Cleanup
Event: 39.044 Executing safepoint VM operation: Cleanup done
Event: 40.053 Executing safepoint VM operation: Cleanup
Event: 40.053 Executing safepoint VM operation: Cleanup done
Event: 41.058 Executing safepoint VM operation: Cleanup
Event: 41.058 Executing safepoint VM operation: Cleanup done
Event: 41.234 Executing safepoint VM operation: ParallelGCFailedAllocation (Allocation Failure)
Event: 41.239 Executing safepoint VM operation: ParallelGCFailedAllocation (Allocation Failure) done
Event: 42.247 Executing safepoint VM operation: Cleanup
Event: 42.247 Executing safepoint VM operation: Cleanup done
Event: 43.255 Executing safepoint VM operation: Cleanup
Event: 43.327 Executing safepoint VM operation: Cleanup done
Event: 43.327 Executing safepoint VM operation: ParallelGCFailedAllocation (Allocation Failure)
Event: 43.335 Executing safepoint VM operation: ParallelGCFailedAllocation (Allocation Failure) done
Event: 44.302 Executing non-safepoint VM operation: HandshakeAllThreads (Deoptimize)
Event: 44.302 Executing non-safepoint VM operation: HandshakeAllThreads (Deoptimize) done
Event: 44.700 Executing safepoint VM operation: ParallelGCFailedAllocation (Allocation Failure)
Event: 44.706 Executing safepoint VM operation: ParallelGCFailedAllocation (Allocation Failure) done
Event: 45.707 Executing safepoint VM operation: Cleanup
Event: 45.707 Executing safepoint VM operation: Cleanup done

Memory protections (0 events):
No events

Nmethod flushes (20 events):
Event: 23.300 Thread 0x000001ae52e0ee50 flushing  nmethod 0x000001ae3fc71e10
Event: 23.300 Thread 0x000001ae52e0ee50 flushing  nmethod 0x000001ae3fc72a90
Event: 23.300 Thread 0x000001ae52e0ee50 flushing  nmethod 0x000001ae3fc72e90
Event: 23.300 Thread 0x000001ae52e0ee50 flushing  nmethod 0x000001ae3fc74390
Event: 23.300 Thread 0x000001ae52e0ee50 flushing  nmethod 0x000001ae3fc75890
Event: 23.300 Thread 0x000001ae52e0ee50 flushing  nmethod 0x000001ae3fc75d10
Event: 23.300 Thread 0x000001ae52e0ee50 flushing  nmethod 0x000001ae3fc76e10
Event: 23.300 Thread 0x000001ae52e0ee50 flushing  nmethod 0x000001ae3fc78610
Event: 23.300 Thread 0x000001ae52e0ee50 flushing  nmethod 0x000001ae3fcc6f10
Event: 23.300 Thread 0x000001ae52e0ee50 flushing  nmethod 0x000001ae3fcca010
Event: 23.300 Thread 0x000001ae52e0ee50 flushing  nmethod 0x000001ae3fcce790
Event: 23.300 Thread 0x000001ae52e0ee50 flushing  nmethod 0x000001ae3fcd8590
Event: 23.300 Thread 0x000001ae52e0ee50 flushing  nmethod 0x000001ae3fcda910
Event: 23.300 Thread 0x000001ae52e0ee50 flushing  nmethod 0x000001ae3fcdae10
Event: 23.300 Thread 0x000001ae52e0ee50 flushing  nmethod 0x000001ae3fcdbf10
Event: 23.300 Thread 0x000001ae52e0ee50 flushing  nmethod 0x000001ae3fd0de90
Event: 23.300 Thread 0x000001ae52e0ee50 flushing  nmethod 0x000001ae3fd32f10
Event: 23.300 Thread 0x000001ae52e0ee50 flushing  nmethod 0x000001ae3fd40e10
Event: 23.300 Thread 0x000001ae52e0ee50 flushing  nmethod 0x000001ae3fd7a190
Event: 23.300 Thread 0x000001ae52e0ee50 flushing  nmethod 0x000001ae3fd7a610

Events (20 events):
Event: 3.583 Thread 0x000001ae94c29270 Thread added: 0x000001ae94c2a620
Event: 3.590 Thread 0x000001ae3c41f7c0 Thread added: 0x000001ae94c29f90
Event: 4.614 Thread 0x000001ae94c29f90 Thread added: 0x000001ae94c2c060
Event: 7.045 Thread 0x000001ae94c29f90 Thread added: 0x000001ae94c2acb0
Event: 8.851 Thread 0x000001ae94c29f90 Thread added: 0x000001ae94c2b340
Event: 11.048 Thread 0x000001ae94c29f90 Thread added: 0x000001ae999bc4e0
Event: 11.504 Thread 0x000001ae94c29f90 Thread added: 0x000001ae999bd200
Event: 11.926 Thread 0x000001ae94c29f90 Thread added: 0x000001ae999b9d80
Event: 17.130 Thread 0x000001ae999bd200 Thread added: 0x000001ae999bf960
Event: 19.752 Thread 0x000001ae94c29f90 Thread added: 0x000001ae999b9060
Event: 23.412 Thread 0x000001ae999bd200 Thread added: 0x000001ae999bd890
Event: 23.477 Thread 0x000001ae999bd890 Thread added: 0x000001ae999bfff0
Event: 24.075 Thread 0x000001ae3c41f7c0 Thread added: 0x000001ae999c0680
Event: 24.740 Thread 0x000001ae3c41f7c0 Thread added: 0x000001ae999baaa0
Event: 24.741 Thread 0x000001ae3c41f7c0 Thread added: 0x000001ae999b96f0
Event: 29.790 Thread 0x000001ae999bf960 Thread added: 0x000001ae999ba410
Event: 29.791 Thread 0x000001ae999bf960 Thread added: 0x000001ae999bb130
Event: 30.170 Thread 0x000001ae999ba410 Thread added: 0x000001ae999be5b0
Event: 33.932 Thread 0x000001ae999bd200 Thread added: 0x000001ae999bdf20
Event: 46.228 Thread 0x000001ae999bdf20 Thread exited: 0x000001ae999bdf20


Dynamic libraries:
0x00007ff6d9ed0000 - 0x00007ff6d9ede000 	c:\Users\kusha\.antigravity-ide\extensions\redhat.java-1.56.0-win32-x64\jre\21.0.12.1-win32-x86_64\bin\java.exe
0x00007ffa75050000 - 0x00007ffa75267000 	C:\Windows\SYSTEM32\ntdll.dll
0x00007ffa73d20000 - 0x00007ffa73de4000 	C:\Windows\System32\KERNEL32.DLL
0x00007ffa729c0000 - 0x00007ffa72d77000 	C:\Windows\System32\KERNELBASE.dll
0x00007ffa72740000 - 0x00007ffa72851000 	C:\Windows\System32\ucrtbase.dll
0x00007ffa50da0000 - 0x00007ffa50db8000 	c:\Users\kusha\.antigravity-ide\extensions\redhat.java-1.56.0-win32-x64\jre\21.0.12.1-win32-x86_64\bin\jli.dll
0x00007ffa4f150000 - 0x00007ffa4f16e000 	c:\Users\kusha\.antigravity-ide\extensions\redhat.java-1.56.0-win32-x64\jre\21.0.12.1-win32-x86_64\bin\VCRUNTIME140.dll
0x00007ffa74c40000 - 0x00007ffa74def000 	C:\Windows\System32\USER32.dll
0x00007ffa72360000 - 0x00007ffa72386000 	C:\Windows\System32\win32u.dll
0x00007ffa60b10000 - 0x00007ffa60da3000 	C:\Windows\WinSxS\amd64_microsoft.windows.common-controls_6595b64144ccf1df_6.0.22621.3672_none_2713b9d173822955\COMCTL32.dll
0x00007ffa72ee0000 - 0x00007ffa72f09000 	C:\Windows\System32\GDI32.dll
0x00007ffa74b10000 - 0x00007ffa74bb7000 	C:\Windows\System32\msvcrt.dll
0x00007ffa72430000 - 0x00007ffa72548000 	C:\Windows\System32\gdi32full.dll
0x00007ffa72390000 - 0x00007ffa7242a000 	C:\Windows\System32\msvcp_win.dll
0x00007ffa73840000 - 0x00007ffa73871000 	C:\Windows\System32\IMM32.DLL
0x00007ffa548b0000 - 0x00007ffa548bc000 	c:\Users\kusha\.antigravity-ide\extensions\redhat.java-1.56.0-win32-x64\jre\21.0.12.1-win32-x86_64\bin\vcruntime140_1.dll
0x00007ffa36180000 - 0x00007ffa3620d000 	c:\Users\kusha\.antigravity-ide\extensions\redhat.java-1.56.0-win32-x64\jre\21.0.12.1-win32-x86_64\bin\msvcp140.dll
0x00007ff9c3880000 - 0x00007ff9c4622000 	c:\Users\kusha\.antigravity-ide\extensions\redhat.java-1.56.0-win32-x64\jre\21.0.12.1-win32-x86_64\bin\server\jvm.dll
0x00007ffa72f20000 - 0x00007ffa72fd2000 	C:\Windows\System32\ADVAPI32.dll
0x00007ffa74010000 - 0x00007ffa740b8000 	C:\Windows\System32\sechost.dll
0x00007ffa728d0000 - 0x00007ffa728f8000 	C:\Windows\System32\bcrypt.dll
0x00007ffa73720000 - 0x00007ffa73834000 	C:\Windows\System32\RPCRT4.dll
0x00007ffa72ff0000 - 0x00007ffa73061000 	C:\Windows\System32\WS2_32.dll
0x00007ffa71fd0000 - 0x00007ffa7201d000 	C:\Windows\SYSTEM32\POWRPROF.dll
0x00007ffa67a00000 - 0x00007ffa67a34000 	C:\Windows\SYSTEM32\WINMM.dll
0x00007ffa6b720000 - 0x00007ffa6b72a000 	C:\Windows\SYSTEM32\VERSION.dll
0x00007ffa71dd0000 - 0x00007ffa71de3000 	C:\Windows\SYSTEM32\UMPDC.dll
0x00007ffa713b0000 - 0x00007ffa713c8000 	C:\Windows\SYSTEM32\kernel.appcore.dll
0x00007ffa53720000 - 0x00007ffa5372a000 	c:\Users\kusha\.antigravity-ide\extensions\redhat.java-1.56.0-win32-x64\jre\21.0.12.1-win32-x86_64\bin\jimage.dll
0x00007ffa66dc0000 - 0x00007ffa66ff2000 	C:\Windows\SYSTEM32\DBGHELP.DLL
0x00007ffa73100000 - 0x00007ffa7348e000 	C:\Windows\System32\combase.dll
0x00007ffa73490000 - 0x00007ffa73567000 	C:\Windows\System32\OLEAUT32.dll
0x00007ffa560f0000 - 0x00007ffa56122000 	C:\Windows\SYSTEM32\dbgcore.DLL
0x00007ffa726c0000 - 0x00007ffa7273b000 	C:\Windows\System32\bcryptPrimitives.dll
0x00007ffa513f0000 - 0x00007ffa513ff000 	c:\Users\kusha\.antigravity-ide\extensions\redhat.java-1.56.0-win32-x64\jre\21.0.12.1-win32-x86_64\bin\instrument.dll
0x00007ffa4cd40000 - 0x00007ffa4cd60000 	c:\Users\kusha\.antigravity-ide\extensions\redhat.java-1.56.0-win32-x64\jre\21.0.12.1-win32-x86_64\bin\java.dll
0x00007ffa740c0000 - 0x00007ffa74929000 	C:\Windows\System32\SHELL32.dll
0x00007ffa702d0000 - 0x00007ffa70bcf000 	C:\Windows\SYSTEM32\windows.storage.dll
0x00007ffa70190000 - 0x00007ffa702cf000 	C:\Windows\SYSTEM32\wintypes.dll
0x00007ffa73570000 - 0x00007ffa73669000 	C:\Windows\System32\SHCORE.dll
0x00007ffa74df0000 - 0x00007ffa74e4e000 	C:\Windows\System32\shlwapi.dll
0x00007ffa72290000 - 0x00007ffa722b7000 	C:\Windows\SYSTEM32\profapi.dll
0x00007ffa4cd20000 - 0x00007ffa4cd38000 	c:\Users\kusha\.antigravity-ide\extensions\redhat.java-1.56.0-win32-x64\jre\21.0.12.1-win32-x86_64\bin\zip.dll
0x00007ffa4f300000 - 0x00007ffa4f310000 	C:\Users\kusha\.antigravity-ide\extensions\redhat.java-1.56.0-win32-x64\jre\21.0.12.1-win32-x86_64\bin\net.dll
0x00007ffa6bee0000 - 0x00007ffa6c016000 	C:\Windows\SYSTEM32\WINHTTP.dll
0x00007ffa71820000 - 0x00007ffa71889000 	C:\Windows\system32\mswsock.dll
0x00007ffa49e10000 - 0x00007ffa49e26000 	C:\Users\kusha\.antigravity-ide\extensions\redhat.java-1.56.0-win32-x64\jre\21.0.12.1-win32-x86_64\bin\nio.dll
0x00007ffa4ead0000 - 0x00007ffa4eae0000 	c:\Users\kusha\.antigravity-ide\extensions\redhat.java-1.56.0-win32-x64\jre\21.0.12.1-win32-x86_64\bin\verify.dll
0x00007ffa36a60000 - 0x00007ffa36aa5000 	C:\Users\kusha\AppData\Roaming\Antigravity IDE\User\globalStorage\redhat.java\1.56.0\config_win\org.eclipse.equinox.launcher\org.eclipse.equinox.launcher.win32.win32.x86_64_1.3.100.v20260804-1928\eclipse_11924.dll
0x00007ffa73df0000 - 0x00007ffa73f95000 	C:\Windows\System32\ole32.dll
0x00007ffa71a70000 - 0x00007ffa71a8b000 	C:\Windows\SYSTEM32\CRYPTSP.dll
0x00007ffa71310000 - 0x00007ffa71345000 	C:\Windows\system32\rsaenh.dll
0x00007ffa71910000 - 0x00007ffa71938000 	C:\Windows\SYSTEM32\USERENV.dll
0x00007ffa71a90000 - 0x00007ffa71a9c000 	C:\Windows\SYSTEM32\CRYPTBASE.dll
0x00007ffa70e70000 - 0x00007ffa70e9d000 	C:\Windows\SYSTEM32\IPHLPAPI.DLL
0x00007ffa72f10000 - 0x00007ffa72f19000 	C:\Windows\System32\NSI.dll
0x00007ffa3b350000 - 0x00007ffa3b399000 	C:\Users\kusha\AppData\Local\Temp\jna-102416130\jna17566864006962907633.dll
0x00007ffa74000000 - 0x00007ffa74008000 	C:\Windows\System32\PSAPI.DLL
0x00007ffa6c610000 - 0x00007ffa6c629000 	C:\Windows\SYSTEM32\dhcpcsvc6.DLL
0x00007ffa6bd00000 - 0x00007ffa6bd1f000 	C:\Windows\SYSTEM32\dhcpcsvc.DLL

JVMTI agents:
c:\Users\kusha\.antigravity-ide\extensions\redhat.java-1.56.0-win32-x64\lombok\lombok-1.18.39-4050.jar path:c:\Users\kusha\.antigravity-ide\extensions\redhat.java-1.56.0-win32-x64\jre\21.0.12.1-win32-x86_64\bin\instrument.dll, loaded, initialized, instrumentlib options:none

dbghelp: loaded successfully - version: 4.0.5 - missing functions: none
symbol engine: initialized successfully - sym options: 0x614 - pdb path: .;c:\Users\kusha\.antigravity-ide\extensions\redhat.java-1.56.0-win32-x64\jre\21.0.12.1-win32-x86_64\bin;C:\Windows\SYSTEM32;C:\Windows\WinSxS\amd64_microsoft.windows.common-controls_6595b64144ccf1df_6.0.22621.3672_none_2713b9d173822955;c:\Users\kusha\.antigravity-ide\extensions\redhat.java-1.56.0-win32-x64\jre\21.0.12.1-win32-x86_64\bin\server;C:\Users\kusha\AppData\Roaming\Antigravity IDE\User\globalStorage\redhat.java\1.56.0\config_win\org.eclipse.equinox.launcher\org.eclipse.equinox.launcher.win32.win32.x86_64_1.3.100.v20260804-1928;C:\Users\kusha\AppData\Local\Temp\jna-102416130

VM Arguments:
jvm_args: --add-modules=ALL-SYSTEM --add-opens=java.base/java.util=ALL-UNNAMED --add-opens=java.base/java.lang=ALL-UNNAMED --add-opens=java.base/sun.nio.fs=ALL-UNNAMED -Declipse.application=org.eclipse.jdt.ls.core.id1 -Dosgi.bundles.defaultStartLevel=4 -Declipse.product=org.eclipse.jdt.ls.core.product -Djava.import.generatesMetadataFilesAtProjectRoot=false -Dm2e.project.cache.size=50 -DDetectVMInstallationsJob.disabled=true -Dfile.encoding=utf8 -XX:+UseParallelGC -XX:GCTimeRatio=4 -XX:AdaptiveSizePolicyWeight=90 -Dsun.zip.disableMemoryMapping=true -Xmx2G -Xms100m -Xlog:disable -javaagent:c:\Users\kusha\.antigravity-ide\extensions\redhat.java-1.56.0-win32-x64\lombok\lombok-1.18.39-4050.jar -XX:+HeapDumpOnOutOfMemoryError -XX:HeapDumpPath=c:\Users\kusha\AppData\Roaming\Antigravity IDE\User\workspaceStorage\710bb24a09336df6ca056d69fd4414a9\redhat.java -Daether.dependencyCollector.impl=bf 
java_command: c:\Users\kusha\.antigravity-ide\extensions\redhat.java-1.56.0-win32-x64\server\plugins\org.eclipse.equinox.launcher_1.8.0.v20260804-1928.jar -configuration c:\Users\kusha\AppData\Roaming\Antigravity IDE\User\globalStorage\redhat.java\1.56.0\config_win -data c:\Users\kusha\AppData\Roaming\Antigravity IDE\User\workspaceStorage\710bb24a09336df6ca056d69fd4414a9\redhat.java\jdt_ws --stdio
java_class_path (initial): c:\Users\kusha\.antigravity-ide\extensions\redhat.java-1.56.0-win32-x64\server\plugins\org.eclipse.equinox.launcher_1.8.0.v20260804-1928.jar
Launcher Type: SUN_STANDARD

[Global flags]
    uintx AdaptiveSizePolicyWeight                 = 90                                        {product} {command line}
     intx CICompilerCount                          = 3                                         {product} {ergonomic}
    uintx GCTimeRatio                              = 4                                         {product} {command line}
     bool HeapDumpOnOutOfMemoryError               = true                                   {manageable} {command line}
    ccstr HeapDumpPath                             = c:\Users\kusha\AppData\Roaming\Antigravity IDE\User\workspaceStorage\710bb24a09336df6ca056d69fd4414a9\redhat.java         {manageable} {command line}
   size_t InitialHeapSize                          = 104857600                                 {product} {command line}
   size_t MaxHeapSize                              = 2147483648                                {product} {command line}
   size_t MaxNewSize                               = 715653120                                 {product} {ergonomic}
   size_t MinHeapDeltaBytes                        = 524288                                    {product} {ergonomic}
   size_t MinHeapSize                              = 104857600                                 {product} {command line}
   size_t NewSize                                  = 34603008                                  {product} {ergonomic}
    uintx NonNMethodCodeHeapSize                   = 5832780                                {pd product} {ergonomic}
    uintx NonProfiledCodeHeapSize                  = 122912730                              {pd product} {ergonomic}
   size_t OldSize                                  = 70254592                                  {product} {ergonomic}
    uintx ProfiledCodeHeapSize                     = 122912730                              {pd product} {ergonomic}
    uintx ReservedCodeCacheSize                    = 251658240                              {pd product} {ergonomic}
     bool SegmentedCodeCache                       = true                                      {product} {ergonomic}
   size_t SoftMaxHeapSize                          = 2147483648                             {manageable} {ergonomic}
     bool UseCompressedOops                        = true                           {product lp64_product} {ergonomic}
     bool UseLargePagesIndividualAllocation        = false                                  {pd product} {ergonomic}
     bool UseParallelGC                            = true                                      {product} {command line}

Logging:
Log output configuration:
 #0: stdout all=off uptime,level,tags foldmultilines=false
 #1: stderr all=off uptime,level,tags foldmultilines=false

Release file:
JAVA_VERSION="21.0.12.1" 
MODULES="java.base java.compiler java.datatransfer java.xml java.prefs java.desktop java.instrument java.logging java.management java.security.sasl java.naming java.rmi java.management.rmi java.net.http java.scripting java.security.jgss java.transaction.xa java.sql java.sql.rowset java.xml.crypto java.se java.smartcardio jdk.accessibility jdk.internal.jvmstat jdk.attach jdk.charsets jdk.internal.opt jdk.zipfs jdk.compiler jdk.crypto.ec jdk.crypto.cryptoki jdk.crypto.mscapi jdk.dynalink jdk.internal.ed jdk.editpad jdk.hotspot.agent jdk.httpserver jdk.internal.le jdk.internal.vm.ci jdk.internal.vm.compiler jdk.internal.vm.compiler.management jdk.jartool jdk.javadoc jdk.jcmd jdk.management jdk.management.agent jdk.jconsole jdk.jdeps jdk.jdwp.agent jdk.jdi jdk.jfr jdk.jshell jdk.jsobject jdk.jstatd jdk.localedata jdk.management.jfr jdk.naming.dns jdk.naming.rmi jdk.net jdk.nio.mapmode jdk.random jdk.sctp jdk.security.auth jdk.security.jgss jdk.unsupported jdk.unsupported.desktop jdk.xml.dom" 

Environment Variables:
PATH=C:\Program Files\Python314\Scripts\;C:\Program Files\Python314\;C:\Program Files\Common Files\Oracle\Java\javapath;C:\Windows\system32;C:\Windows;C:\Windows\System32\Wbem;C:\Windows\System32\WindowsPowerShell\v1.0\;C:\Windows\System32\OpenSSH\;C:\Program Files (x86)\NVIDIA Corporation\PhysX\Common;C:\Program Files\dotnet\;C:\Program Files\Java\jdk-25\bin;C:\Program Files\Git\cmd;C:\Program Files\MySQL\MySQL Server 8.0\bin;C:\Program Files\nodejs\;C:\Program Files\nodejs;C:\Program Files\PostgreSQL\18\bin;C:\Program Files\MySQL\MySQL Shell 8.0\bin\;C:\Users\kusha\AppData\Local\Microsoft\WindowsApps;C:\Users\kusha\AppData\Roaming\npm;C:\Users\kusha\AppData\Local\Programs\Microsoft VS Code\bin;C:\Users\kusha\AppData\Local\Programs\Antigravity IDE\bin
USERNAME=kusha
OS=Windows_NT
PROCESSOR_IDENTIFIER=AMD64 Family 23 Model 1 Stepping 1, AuthenticAMD
TMP=C:\Users\kusha\AppData\Local\Temp
TEMP=C:\Users\kusha\AppData\Local\Temp




Periodic native trim disabled

---------------  S Y S T E M  ---------------

OS:
 Windows 11 , 64 bit Build 22621 (10.0.22621.3958)
OS uptime: 1 days 6:33 hours

CPU: total 4 (initial active 4) (4 cores per cpu, 1 threads per core) family 23 model 1 stepping 1 microcode 0x0, cx8, cmov, fxsr, mmx, 3dnowpref, sse, sse2, sse3, ssse3, sse4a, sse4.1, sse4.2, popcnt, lzcnt, tsc, tscinvbit, avx, avx2, aes, clmul, bmi1, bmi2, adx, sha, fma, vzeroupper, clflush, clflushopt, rdtscp, f16c
Processor Information for the first 4 processors :
  Max Mhz: 3500, Current Mhz: 3500, Mhz Limit: 3500

Memory: 4k page, system-wide physical 8143M (246M free)
TotalPageFile size 17535M (AvailPageFile size 9M)
current process WorkingSet (physical memory assigned to process): 196M, peak: 216M
current process commit charge ("private bytes"): 295M, peak: 320M

vm_info: OpenJDK 64-Bit Server VM (21.0.12.1+1-LTS) for windows-amd64 JRE (21.0.12.1+1-LTS), built on 2026-08-18T00:00:00Z by "admin" with MS VC++ 17.12 (VS2022)

END.
