#
# There is insufficient memory for the Java Runtime Environment to continue.
# Native memory allocation (malloc) failed to allocate 394416 bytes. Error detail: Chunk::new
# Possible reasons:
#   The system is out of physical RAM or swap space
#   This process is running with CompressedOops enabled, and the Java Heap may be blocking the growth of the native heap
# Possible solutions:
#   Reduce memory load on the system
#   Increase physical memory or swap space
#   Check if swap backing store is full
#   Decrease Java heap size (-Xmx/-Xms)
#   Decrease number of Java threads
#   Decrease Java thread stack sizes (-Xss)
#   Set larger code cache with -XX:ReservedCodeCacheSize=
#   JVM is running with Unscaled Compressed Oops mode in which the Java heap is
#     placed in the first 4GB address space. The Java Heap base address is the
#     maximum limit for the native heap growth. Please use -XX:HeapBaseMinAddress
#     to set the Java Heap base and to place the Java Heap above 4GB virtual address.
# This output file may be truncated or incomplete.
#
#  Out of Memory Error (arena.cpp:168), pid=8984, tid=20496
#
# JRE version: OpenJDK Runtime Environment Temurin-21.0.12.1+1 (21.0.12.1+1) (build 21.0.12.1+1-LTS)
# Java VM: OpenJDK 64-Bit Server VM Temurin-21.0.12.1+1 (21.0.12.1+1-LTS, mixed mode, sharing, tiered, compressed oops, compressed class ptrs, parallel gc, windows-amd64)
# No core dump will be written. Minidumps are not enabled by default on client versions of Windows
#

---------------  S U M M A R Y ------------

Command Line: --add-modules=ALL-SYSTEM --add-opens=java.base/java.util=ALL-UNNAMED --add-opens=java.base/java.lang=ALL-UNNAMED --add-opens=java.base/sun.nio.fs=ALL-UNNAMED -Declipse.application=org.eclipse.jdt.ls.core.id1 -Dosgi.bundles.defaultStartLevel=4 -Declipse.product=org.eclipse.jdt.ls.core.product -Djava.import.generatesMetadataFilesAtProjectRoot=false -Dm2e.project.cache.size=50 -DDetectVMInstallationsJob.disabled=true -Dfile.encoding=utf8 -XX:+UseParallelGC -XX:GCTimeRatio=4 -XX:AdaptiveSizePolicyWeight=90 -Dsun.zip.disableMemoryMapping=true -Xmx2G -Xms100m -Xlog:disable -javaagent:c:\Users\kusha\.antigravity-ide\extensions\redhat.java-1.56.0-win32-x64\lombok\lombok-1.18.39-4050.jar -XX:+HeapDumpOnOutOfMemoryError -XX:HeapDumpPath=c:\Users\kusha\AppData\Roaming\Antigravity IDE\User\workspaceStorage\710bb24a09336df6ca056d69fd4414a9\redhat.java -Daether.dependencyCollector.impl=bf c:\Users\kusha\.antigravity-ide\extensions\redhat.java-1.56.0-win32-x64\server\plugins\org.eclipse.equinox.launcher_1.8.0.v20260804-1928.jar -configuration c:\Users\kusha\AppData\Roaming\Antigravity IDE\User\globalStorage\redhat.java\1.56.0\config_win -data c:\Users\kusha\AppData\Roaming\Antigravity IDE\User\workspaceStorage\710bb24a09336df6ca056d69fd4414a9\redhat.java\jdt_ws --pipe=\\.\pipe\lsp-26d3499932add2283f9b12d7424c5e89-sock

Host: AMD Ryzen 3 1300X Quad-Core Processor          , 4 cores, 7G,  Windows 11 , 64 bit Build 22621 (10.0.22621.3958)
Time: Sat Oct  3 23:02:08 2026 India Standard Time elapsed time: 77.150957 seconds (0d 0h 1m 17s)

---------------  T H R E A D  ---------------

Current thread (0x00000222fbb763b0):  JavaThread "C2 CompilerThread0" daemon [_thread_in_native, id=20496, stack(0x000000a302b00000,0x000000a302c00000) (1024K)]


Current CompileTask:
C2:77151 7857       4       org.eclipse.osgi.internal.loader.classpath.ClasspathEntry::findResource (65 bytes)

Stack: [0x000000a302b00000,0x000000a302c00000]
Native frames: (J=compiled Java code, j=interpreted, Vv=VM code, C=native code)
V  [jvm.dll+0x6d83e9]
V  [jvm.dll+0x8b5736]
V  [jvm.dll+0x8b7cee]
V  [jvm.dll+0x8b83d3]
V  [jvm.dll+0x284596]
V  [jvm.dll+0xc685d]
V  [jvm.dll+0xc6da1]
V  [jvm.dll+0x3bf151]
V  [jvm.dll+0x38b6d2]
V  [jvm.dll+0x38ab1a]
V  [jvm.dll+0x24c700]
V  [jvm.dll+0x24bce0]
V  [jvm.dll+0x1cb4ae]
V  [jvm.dll+0x25baad]
V  [jvm.dll+0x25a03a]
V  [jvm.dll+0x3f8aae]
V  [jvm.dll+0x8600cd]
V  [jvm.dll+0x6d6c1d]
C  [ucrtbase.dll+0x29333]
C  [KERNEL32.DLL+0x1257d]
C  [ntdll.dll+0x5af08]


---------------  P R O C E S S  ---------------

Threads class SMR info:
_java_thread_list=0x00000222fe03f030, length=36, elements={
0x00000222e517f110, 0x00000222fbb6af70, 0x00000222fbb6db90, 0x00000222fbb71d80,
0x00000222fbb72c70, 0x00000222fbb752f0, 0x00000222fbb75960, 0x00000222fbb763b0,
0x00000222fbbe8b80, 0x00000222fc9ac0b0, 0x00000222fc9f4ea0, 0x00000222fcdd7c20,
0x00000222fd01e080, 0x00000222fc962840, 0x00000222fc963d20, 0x00000222fd3c0ff0,
0x00000222fd5678a0, 0x00000222fd3a5360, 0x00000222fcf50150, 0x00000222fcf50e70,
0x00000222fcf51500, 0x00000222fcf4e080, 0x00000222fcf4eda0, 0x00000222fcf4fac0,
0x00000222fcf4e710, 0x00000222fdb3bef0, 0x00000222fdb383e0, 0x00000222fdb3b860,
0x00000222fdb38a70, 0x00000222fdb39e20, 0x00000222fdb39100, 0x00000222fdb39790,
0x00000222fdb3dfc0, 0x00000222fdb37030, 0x00000222fdb3b1d0, 0x00000222fdb3cc10
}

Java Threads: ( => current thread )
  0x00000222e517f110 JavaThread "main"                              [_thread_blocked, id=12676, stack(0x000000a302000000,0x000000a302100000) (1024K)]
  0x00000222fbb6af70 JavaThread "Reference Handler"          daemon [_thread_blocked, id=13504, stack(0x000000a302500000,0x000000a302600000) (1024K)]
  0x00000222fbb6db90 JavaThread "Finalizer"                  daemon [_thread_blocked, id=3892, stack(0x000000a302600000,0x000000a302700000) (1024K)]
  0x00000222fbb71d80 JavaThread "Signal Dispatcher"          daemon [_thread_blocked, id=7344, stack(0x000000a302700000,0x000000a302800000) (1024K)]
  0x00000222fbb72c70 JavaThread "Attach Listener"            daemon [_thread_blocked, id=11120, stack(0x000000a302800000,0x000000a302900000) (1024K)]
  0x00000222fbb752f0 JavaThread "Service Thread"             daemon [_thread_blocked, id=17244, stack(0x000000a302900000,0x000000a302a00000) (1024K)]
  0x00000222fbb75960 JavaThread "Monitor Deflation Thread"   daemon [_thread_blocked, id=10372, stack(0x000000a302a00000,0x000000a302b00000) (1024K)]
=>0x00000222fbb763b0 JavaThread "C2 CompilerThread0"         daemon [_thread_in_native, id=20496, stack(0x000000a302b00000,0x000000a302c00000) (1024K)]
  0x00000222fbbe8b80 JavaThread "C1 CompilerThread0"         daemon [_thread_blocked, id=1460, stack(0x000000a302c00000,0x000000a302d00000) (1024K)]
  0x00000222fc9ac0b0 JavaThread "Common-Cleaner"             daemon [_thread_blocked, id=19716, stack(0x000000a302d00000,0x000000a302e00000) (1024K)]
  0x00000222fc9f4ea0 JavaThread "Notification Thread"        daemon [_thread_blocked, id=14348, stack(0x000000a302e00000,0x000000a302f00000) (1024K)]
  0x00000222fcdd7c20 JavaThread "Active Thread: Equinox Container: 1a8f1a76-cc0c-4a51-9cb0-44e3bcecaeff"        [_thread_blocked, id=15780, stack(0x000000a303200000,0x000000a303300000) (1024K)]
  0x00000222fd01e080 JavaThread "Refresh Thread: Equinox Container: 1a8f1a76-cc0c-4a51-9cb0-44e3bcecaeff" daemon [_thread_blocked, id=21196, stack(0x000000a303300000,0x000000a303400000) (1024K)]
  0x00000222fc962840 JavaThread "Framework Event Dispatcher: Equinox Container: 1a8f1a76-cc0c-4a51-9cb0-44e3bcecaeff" daemon [_thread_blocked, id=13684, stack(0x000000a303400000,0x000000a303500000) (1024K)]
  0x00000222fc963d20 JavaThread "Start Level: Equinox Container: 1a8f1a76-cc0c-4a51-9cb0-44e3bcecaeff" daemon [_thread_blocked, id=404, stack(0x000000a303500000,0x000000a303600000) (1024K)]
  0x00000222fd3c0ff0 JavaThread "Bundle File Closer"         daemon [_thread_blocked, id=516, stack(0x000000a303600000,0x000000a303700000) (1024K)]
  0x00000222fd5678a0 JavaThread "SCR Component Actor"        daemon [_thread_blocked, id=2116, stack(0x000000a303700000,0x000000a303800000) (1024K)]
  0x00000222fd3a5360 JavaThread "Worker-JM"                         [_thread_blocked, id=13324, stack(0x000000a303800000,0x000000a303900000) (1024K)]
  0x00000222fcf50150 JavaThread "JNA Cleaner"                daemon [_thread_blocked, id=4336, stack(0x000000a303900000,0x000000a303a00000) (1024K)]
  0x00000222fcf50e70 JavaThread "Worker-0"                          [_thread_blocked, id=10088, stack(0x000000a303a00000,0x000000a303b00000) (1024K)]
  0x00000222fcf51500 JavaThread "Worker-1"                          [_thread_blocked, id=16860, stack(0x000000a303b00000,0x000000a303c00000) (1024K)]
  0x00000222fcf4e080 JavaThread "Worker-2"                          [_thread_blocked, id=15300, stack(0x000000a303c00000,0x000000a303d00000) (1024K)]
  0x00000222fcf4eda0 JavaThread "Java indexing"              daemon [_thread_blocked, id=20076, stack(0x000000a303d00000,0x000000a303e00000) (1024K)]
  0x00000222fcf4fac0 JavaThread "Worker-3: Initialize workspace"        [_thread_blocked, id=11208, stack(0x000000a304000000,0x000000a304100000) (1024K)]
  0x00000222fcf4e710 JavaThread "Worker-4"                          [_thread_blocked, id=8308, stack(0x000000a304100000,0x000000a304200000) (1024K)]
  0x00000222fdb3bef0 JavaThread "Thread-1"                   daemon [_thread_in_native, id=7384, stack(0x000000a304200000,0x000000a304300000) (1024K)]
  0x00000222fdb383e0 JavaThread "Thread-2"                   daemon [_thread_in_native, id=15644, stack(0x000000a304300000,0x000000a304400000) (1024K)]
  0x00000222fdb3b860 JavaThread "Thread-3"                   daemon [_thread_in_native, id=3628, stack(0x000000a304400000,0x000000a304500000) (1024K)]
  0x00000222fdb38a70 JavaThread "Thread-4"                   daemon [_thread_in_native, id=8428, stack(0x000000a304500000,0x000000a304600000) (1024K)]
  0x00000222fdb39e20 JavaThread "Thread-5"                   daemon [_thread_in_native, id=3872, stack(0x000000a304600000,0x000000a304700000) (1024K)]
  0x00000222fdb39100 JavaThread "pool-2-thread-1"                   [_thread_blocked, id=15768, stack(0x000000a304700000,0x000000a304800000) (1024K)]
  0x00000222fdb39790 JavaThread "WorkspaceEventsHandler"            [_thread_blocked, id=17764, stack(0x000000a304800000,0x000000a304900000) (1024K)]
  0x00000222fdb3dfc0 JavaThread "pool-1-thread-1"                   [_thread_in_native, id=17752, stack(0x000000a304900000,0x000000a304a00000) (1024K)]
  0x00000222fdb37030 JavaThread "PatternSearchJob-worker-1"  daemon [_thread_blocked, id=9484, stack(0x000000a304a00000,0x000000a304b00000) (1024K)]
  0x00000222fdb3b1d0 JavaThread "PatternSearchJob-worker-2"  daemon [_thread_blocked, id=4020, stack(0x000000a304b00000,0x000000a304c00000) (1024K)]
  0x00000222fdb3cc10 JavaThread "PatternSearchJob-worker-3"  daemon [_thread_blocked, id=11164, stack(0x000000a304c00000,0x000000a304d00000) (1024K)]
Total: 36

Other Threads:
  0x00000222e523c970 VMThread "VM Thread"                           [id=8684, stack(0x000000a302400000,0x000000a302500000) (1024K)]
  0x00000222e51e9410 WatcherThread "VM Periodic Task Thread"        [id=20736, stack(0x000000a302300000,0x000000a302400000) (1024K)]
  0x00000222e519d2b0 WorkerThread "GC Thread#0"                     [id=7580, stack(0x000000a302200000,0x000000a302300000) (1024K)]
  0x00000222fcb25080 WorkerThread "GC Thread#1"                     [id=8332, stack(0x000000a302f00000,0x000000a303000000) (1024K)]
  0x00000222fca72540 WorkerThread "GC Thread#2"                     [id=7524, stack(0x000000a303000000,0x000000a303100000) (1024K)]
  0x00000222fcfec060 WorkerThread "GC Thread#3"                     [id=12840, stack(0x000000a303100000,0x000000a303200000) (1024K)]
Total: 6

Threads with active compile tasks:
C2 CompilerThread0  77171 7857       4       org.eclipse.osgi.internal.loader.classpath.ClasspathEntry::findResource (65 bytes)
Total: 1

VM state: not at safepoint (normal execution)

VM Mutex/Monitor currently owned by a thread: None

Heap address: 0x0000000080000000, size: 2048 MB, Compressed Oops mode: 32-bit

CDS archive(s) mapped at: [0x0000022280000000-0x0000022280ba0000-0x0000022280ba0000), size 12189696, SharedBaseAddress: 0x0000022280000000, ArchiveRelocationMode: 1.
Compressed class space mapped at: 0x0000022281000000-0x00000222c1000000, reserved size: 1073741824
Narrow klass base: 0x0000022280000000, Narrow klass shift: 0, Narrow klass range: 0x100000000

GC Precious Log:
 CardTable entry size: 512
 CPUs: 4 total, 4 available
 Memory: 8143M
 Large Page Support: Disabled
 NUMA Support: Disabled
 Compressed Oops: Enabled (32-bit)
 Alignments: Space 512K, Generation 512K, Heap 2M
 Heap Min Capacity: 100M
 Heap Initial Capacity: 100M
 Heap Max Capacity: 2G
 Pre-touch: Disabled
 Parallel Workers: 4

Heap:
 PSYoungGen      total 17920K, used 15384K [0x00000000d5580000, 0x00000000d6900000, 0x0000000100000000)
  eden space 16896K, 87% used [0x00000000d5580000,0x00000000d63dfe88,0x00000000d6600000)
  from space 1024K, 64% used [0x00000000d6800000,0x00000000d68a62e8,0x00000000d6900000)
  to   space 1024K, 0% used [0x00000000d6700000,0x00000000d6700000,0x00000000d6800000)
 ParOldGen       total 68608K, used 49502K [0x0000000080000000, 0x0000000084300000, 0x00000000d5580000)
  object space 68608K, 72% used [0x0000000080000000,0x0000000083057880,0x0000000084300000)
 Metaspace       used 52452K, committed 53824K, reserved 1114112K
  class space    used 5732K, committed 6336K, reserved 1048576K

Card table byte_map: [0x00000222e4b50000,0x00000222e4f60000] _byte_map_base: 0x00000222e4750000

Marking Bits: (ParMarkBitMap*) 0x00007ff9c45444a0
 Begin Bits: [0x00000222f7630000, 0x00000222f9630000)
 End Bits:   [0x00000222f9630000, 0x00000222fb630000)

Polling page: 0x00000222e4940000

Metaspace:

Usage:
  Non-class:     45.63 MB used.
      Class:      5.60 MB used.
       Both:     51.22 MB used.

Virtual space:
  Non-class space:       64.00 MB reserved,      46.38 MB ( 72%) committed,  1 nodes.
      Class space:        1.00 GB reserved,       6.19 MB ( <1%) committed,  1 nodes.
             Both:        1.06 GB reserved,      52.56 MB (  5%) committed. 

Chunk freelists:
   Non-Class:  1.55 MB
       Class:  9.78 MB
        Both:  11.33 MB

MaxMetaspaceSize: unlimited
CompressedClassSpaceSize: 1.00 GB
Initial GC threshold: 21.00 MB
Current GC threshold: 58.38 MB
CDS: on
 - commit_granule_bytes: 65536.
 - commit_granule_words: 8192.
 - virtual_space_node_default_size: 8388608.
 - enlarge_chunks_in_place: 1.
 - use_allocation_guard: 0.


Internal statistics:

num_allocs_failed_limit: 6.
num_arena_births: 1030.
num_arena_deaths: 14.
num_vsnodes_births: 2.
num_vsnodes_deaths: 0.
num_space_committed: 841.
num_space_uncommitted: 0.
num_chunks_returned_to_freelist: 20.
num_chunks_taken_from_freelist: 3459.
num_chunk_merges: 8.
num_chunk_splits: 2123.
num_chunks_enlarged: 1185.
num_inconsistent_stats: 0.

CodeHeap 'non-profiled nmethods': size=120000Kb used=4685Kb max_used=4685Kb free=115314Kb
 bounds [0x00000222efe50000, 0x00000222f02f0000, 0x00000222f7380000]
CodeHeap 'profiled nmethods': size=120000Kb used=15762Kb max_used=15762Kb free=104238Kb
 bounds [0x00000222e8380000, 0x00000222e92f0000, 0x00000222ef8b0000]
CodeHeap 'non-nmethods': size=5760Kb used=1388Kb max_used=1416Kb free=4371Kb
 bounds [0x00000222ef8b0000, 0x00000222efb20000, 0x00000222efe50000]
CodeCache: size=245760Kb, used=21835Kb, max_used=21863Kb, free=223923Kb
 total_blobs=7932, nmethods=7238, adapters=600, full_count=0
Compilation: enabled, stopped_count=0, restarted_count=0

Compilation events (20 events):
Event: 77.092 Thread 0x00000222fbbe8b80 nmethod 7852 0x00000222e92cf010 code [0x00000222e92cf340, 0x00000222e92d0708]
Event: 77.096 Thread 0x00000222fbbe8b80 7853   !   3       lombok.launch.ShadowClassLoader::getResourceFromLocation (243 bytes)
Event: 77.099 Thread 0x00000222fbbe8b80 nmethod 7853 0x00000222e92d0e90 code [0x00000222e92d1540, 0x00000222e92d44b0]
Event: 77.102 Thread 0x00000222fbbe8b80 7854       3       lombok.launch.ShadowClassLoader::toSclResourceName (54 bytes)
Event: 77.103 Thread 0x00000222fbbe8b80 nmethod 7854 0x00000222e92d5890 code [0x00000222e92d5b20, 0x00000222e92d6348]
Event: 77.106 Thread 0x00000222fbbe8b80 7855   !   3       sun.net.www.protocol.file.Handler::openConnection (274 bytes)
Event: 77.108 Thread 0x00000222fbbe8b80 nmethod 7855 0x00000222e92d6710 code [0x00000222e92d6c40, 0x00000222e92d8ce0]
Event: 77.108 Thread 0x00000222fbbe8b80 7856       3       sun.net.www.protocol.file.FileURLConnection::<init> (38 bytes)
Event: 77.108 Thread 0x00000222fbbe8b80 nmethod 7856 0x00000222e92d9b90 code [0x00000222e92d9d60, 0x00000222e92da148]
Event: 77.119 Thread 0x00000222fbb763b0 7857       4       org.eclipse.osgi.internal.loader.classpath.ClasspathEntry::findResource (65 bytes)
Event: 77.133 Thread 0x00000222fbbe8b80 7859       3       java.lang.reflect.ProxyGenerator::checkReturnTypes (288 bytes)
Event: 77.135 Thread 0x00000222fbbe8b80 nmethod 7859 0x00000222e92da310 code [0x00000222e92da820, 0x00000222e92dce38]
Event: 77.138 Thread 0x00000222fbbe8b80 7860       3       jdk.internal.org.objectweb.asm.SymbolTable::addMergedType (164 bytes)
Event: 77.138 Thread 0x00000222fbbe8b80 nmethod 7860 0x00000222e92ddb10 code [0x00000222e92ddd40, 0x00000222e92de3b0]
Event: 77.138 Thread 0x00000222fbbe8b80 7861       3       java.lang.reflect.ProxyGenerator$ProxyMethod::generateMethod (548 bytes)
Event: 77.140 Thread 0x00000222fbbe8b80 nmethod 7861 0x00000222e92de790 code [0x00000222e92ded80, 0x00000222e92e1eb0]
Event: 77.141 Thread 0x00000222fbbe8b80 7862       3       java.lang.reflect.ProxyGenerator$ProxyMethod::codeFieldInitialization (159 bytes)
Event: 77.141 Thread 0x00000222fbbe8b80 nmethod 7862 0x00000222e92e2e10 code [0x00000222e92e30c0, 0x00000222e92e3bb0]
Event: 77.146 Thread 0x00000222fbbe8b80 7863       3       java.io.InputStream::readNBytes (53 bytes)
Event: 77.146 Thread 0x00000222fbbe8b80 nmethod 7863 0x00000222e92e3f90 code [0x00000222e92e4180, 0x00000222e92e4630]

GC Heap History (20 events):
Event: 69.071 GC heap before
{Heap before GC invocations=25 (full 2):
 PSYoungGen      total 18944K, used 18624K [0x00000000d5580000, 0x00000000d6d00000, 0x0000000100000000)
  eden space 17920K, 100% used [0x00000000d5580000,0x00000000d6700000,0x00000000d6700000)
  from space 1024K, 68% used [0x00000000d6c00000,0x00000000d6cb0000,0x00000000d6d00000)
  to   space 1024K, 0% used [0x00000000d6b00000,0x00000000d6b00000,0x00000000d6c00000)
 ParOldGen       total 68608K, used 35225K [0x0000000080000000, 0x0000000084300000, 0x00000000d5580000)
  object space 68608K, 51% used [0x0000000080000000,0x0000000082266530,0x0000000084300000)
 Metaspace       used 49383K, committed 50752K, reserved 1114112K
  class space    used 5341K, committed 5952K, reserved 1048576K
}
Event: 69.076 GC heap after
{Heap after GC invocations=25 (full 2):
 PSYoungGen      total 18944K, used 1000K [0x00000000d5580000, 0x00000000d6c80000, 0x0000000100000000)
  eden space 17920K, 0% used [0x00000000d5580000,0x00000000d5580000,0x00000000d6700000)
  from space 1024K, 97% used [0x00000000d6b00000,0x00000000d6bfa3d8,0x00000000d6c00000)
  to   space 512K, 0% used [0x00000000d6c00000,0x00000000d6c00000,0x00000000d6c80000)
 ParOldGen       total 68608K, used 35861K [0x0000000080000000, 0x0000000084300000, 0x00000000d5580000)
  object space 68608K, 52% used [0x0000000080000000,0x0000000082305550,0x0000000084300000)
 Metaspace       used 49383K, committed 50752K, reserved 1114112K
  class space    used 5341K, committed 5952K, reserved 1048576K
}
Event: 69.675 GC heap before
{Heap before GC invocations=26 (full 2):
 PSYoungGen      total 18944K, used 18920K [0x00000000d5580000, 0x00000000d6c80000, 0x0000000100000000)
  eden space 17920K, 100% used [0x00000000d5580000,0x00000000d6700000,0x00000000d6700000)
  from space 1024K, 97% used [0x00000000d6b00000,0x00000000d6bfa3d8,0x00000000d6c00000)
  to   space 512K, 0% used [0x00000000d6c00000,0x00000000d6c00000,0x00000000d6c80000)
 ParOldGen       total 68608K, used 35861K [0x0000000080000000, 0x0000000084300000, 0x00000000d5580000)
  object space 68608K, 52% used [0x0000000080000000,0x0000000082305550,0x0000000084300000)
 Metaspace       used 49428K, committed 50816K, reserved 1114112K
  class space    used 5346K, committed 5952K, reserved 1048576K
}
Event: 69.681 GC heap after
{Heap after GC invocations=26 (full 2):
 PSYoungGen      total 18432K, used 480K [0x00000000d5580000, 0x00000000d6d00000, 0x0000000100000000)
  eden space 17920K, 0% used [0x00000000d5580000,0x00000000d5580000,0x00000000d6700000)
  from space 512K, 93% used [0x00000000d6c00000,0x00000000d6c78010,0x00000000d6c80000)
  to   space 3072K, 0% used [0x00000000d6700000,0x00000000d6700000,0x00000000d6a00000)
 ParOldGen       total 68608K, used 37914K [0x0000000080000000, 0x0000000084300000, 0x00000000d5580000)
  object space 68608K, 55% used [0x0000000080000000,0x00000000825068d8,0x0000000084300000)
 Metaspace       used 49428K, committed 50816K, reserved 1114112K
  class space    used 5346K, committed 5952K, reserved 1048576K
}
Event: 70.083 GC heap before
{Heap before GC invocations=27 (full 2):
 PSYoungGen      total 18432K, used 18400K [0x00000000d5580000, 0x00000000d6d00000, 0x0000000100000000)
  eden space 17920K, 100% used [0x00000000d5580000,0x00000000d6700000,0x00000000d6700000)
  from space 512K, 93% used [0x00000000d6c00000,0x00000000d6c78010,0x00000000d6c80000)
  to   space 3072K, 0% used [0x00000000d6700000,0x00000000d6700000,0x00000000d6a00000)
 ParOldGen       total 68608K, used 37914K [0x0000000080000000, 0x0000000084300000, 0x00000000d5580000)
  object space 68608K, 55% used [0x0000000080000000,0x00000000825068d8,0x0000000084300000)
 Metaspace       used 49768K, committed 51136K, reserved 1114112K
  class space    used 5398K, committed 6016K, reserved 1048576K
}
Event: 70.089 GC heap after
{Heap after GC invocations=27 (full 2):
 PSYoungGen      total 20992K, used 1858K [0x00000000d5580000, 0x00000000d6c80000, 0x0000000100000000)
  eden space 17920K, 0% used [0x00000000d5580000,0x00000000d5580000,0x00000000d6700000)
  from space 3072K, 60% used [0x00000000d6700000,0x00000000d68d0810,0x00000000d6a00000)
  to   space 2560K, 0% used [0x00000000d6a00000,0x00000000d6a00000,0x00000000d6c80000)
 ParOldGen       total 68608K, used 38410K [0x0000000080000000, 0x0000000084300000, 0x00000000d5580000)
  object space 68608K, 55% used [0x0000000080000000,0x00000000825828e8,0x0000000084300000)
 Metaspace       used 49768K, committed 51136K, reserved 1114112K
  class space    used 5398K, committed 6016K, reserved 1048576K
}
Event: 70.320 GC heap before
{Heap before GC invocations=28 (full 2):
 PSYoungGen      total 20992K, used 19778K [0x00000000d5580000, 0x00000000d6c80000, 0x0000000100000000)
  eden space 17920K, 100% used [0x00000000d5580000,0x00000000d6700000,0x00000000d6700000)
  from space 3072K, 60% used [0x00000000d6700000,0x00000000d68d0810,0x00000000d6a00000)
  to   space 2560K, 0% used [0x00000000d6a00000,0x00000000d6a00000,0x00000000d6c80000)
 ParOldGen       total 68608K, used 38410K [0x0000000080000000, 0x0000000084300000, 0x00000000d5580000)
  object space 68608K, 55% used [0x0000000080000000,0x00000000825828e8,0x0000000084300000)
 Metaspace       used 49785K, committed 51136K, reserved 1114112K
  class space    used 5398K, committed 6016K, reserved 1048576K
}
Event: 70.330 GC heap after
{Heap after GC invocations=28 (full 2):
 PSYoungGen      total 19968K, used 1664K [0x00000000d5580000, 0x00000000d6c00000, 0x0000000100000000)
  eden space 17920K, 0% used [0x00000000d5580000,0x00000000d5580000,0x00000000d6700000)
  from space 2048K, 81% used [0x00000000d6a00000,0x00000000d6ba0010,0x00000000d6c00000)
  to   space 2048K, 0% used [0x00000000d6800000,0x00000000d6800000,0x00000000d6a00000)
 ParOldGen       total 68608K, used 40216K [0x0000000080000000, 0x0000000084300000, 0x00000000d5580000)
  object space 68608K, 58% used [0x0000000080000000,0x0000000082746108,0x0000000084300000)
 Metaspace       used 49785K, committed 51136K, reserved 1114112K
  class space    used 5398K, committed 6016K, reserved 1048576K
}
Event: 70.787 GC heap before
{Heap before GC invocations=29 (full 2):
 PSYoungGen      total 19968K, used 19584K [0x00000000d5580000, 0x00000000d6c00000, 0x0000000100000000)
  eden space 17920K, 100% used [0x00000000d5580000,0x00000000d6700000,0x00000000d6700000)
  from space 2048K, 81% used [0x00000000d6a00000,0x00000000d6ba0010,0x00000000d6c00000)
  to   space 2048K, 0% used [0x00000000d6800000,0x00000000d6800000,0x00000000d6a00000)
 ParOldGen       total 68608K, used 40216K [0x0000000080000000, 0x0000000084300000, 0x00000000d5580000)
  object space 68608K, 58% used [0x0000000080000000,0x0000000082746108,0x0000000084300000)
 Metaspace       used 49795K, committed 51136K, reserved 1114112K
  class space    used 5398K, committed 6016K, reserved 1048576K
}
Event: 70.797 GC heap after
{Heap after GC invocations=29 (full 2):
 PSYoungGen      total 19968K, used 1728K [0x00000000d5580000, 0x00000000d6b00000, 0x0000000100000000)
  eden space 17920K, 0% used [0x00000000d5580000,0x00000000d5580000,0x00000000d6700000)
  from space 2048K, 84% used [0x00000000d6800000,0x00000000d69b0000,0x00000000d6a00000)
  to   space 1024K, 0% used [0x00000000d6a00000,0x00000000d6a00000,0x00000000d6b00000)
 ParOldGen       total 68608K, used 41832K [0x0000000080000000, 0x0000000084300000, 0x00000000d5580000)
  object space 68608K, 60% used [0x0000000080000000,0x00000000828da118,0x0000000084300000)
 Metaspace       used 49795K, committed 51136K, reserved 1114112K
  class space    used 5398K, committed 6016K, reserved 1048576K
}
Event: 71.055 GC heap before
{Heap before GC invocations=30 (full 2):
 PSYoungGen      total 19968K, used 19648K [0x00000000d5580000, 0x00000000d6b00000, 0x0000000100000000)
  eden space 17920K, 100% used [0x00000000d5580000,0x00000000d6700000,0x00000000d6700000)
  from space 2048K, 84% used [0x00000000d6800000,0x00000000d69b0000,0x00000000d6a00000)
  to   space 1024K, 0% used [0x00000000d6a00000,0x00000000d6a00000,0x00000000d6b00000)
 ParOldGen       total 68608K, used 41832K [0x0000000080000000, 0x0000000084300000, 0x00000000d5580000)
  object space 68608K, 60% used [0x0000000080000000,0x00000000828da118,0x0000000084300000)
 Metaspace       used 49799K, committed 51136K, reserved 1114112K
  class space    used 5398K, committed 6016K, reserved 1048576K
}
Event: 71.061 GC heap after
{Heap after GC invocations=30 (full 2):
 PSYoungGen      total 17920K, used 1024K [0x00000000d5580000, 0x00000000d6f00000, 0x0000000100000000)
  eden space 16896K, 0% used [0x00000000d5580000,0x00000000d5580000,0x00000000d6600000)
  from space 1024K, 100% used [0x00000000d6a00000,0x00000000d6b00000,0x00000000d6b00000)
  to   space 4096K, 0% used [0x00000000d6600000,0x00000000d6600000,0x00000000d6a00000)
 ParOldGen       total 68608K, used 44132K [0x0000000080000000, 0x0000000084300000, 0x00000000d5580000)
  object space 68608K, 64% used [0x0000000080000000,0x0000000082b192f8,0x0000000084300000)
 Metaspace       used 49799K, committed 51136K, reserved 1114112K
  class space    used 5398K, committed 6016K, reserved 1048576K
}
Event: 71.236 GC heap before
{Heap before GC invocations=31 (full 2):
 PSYoungGen      total 17920K, used 17920K [0x00000000d5580000, 0x00000000d6f00000, 0x0000000100000000)
  eden space 16896K, 100% used [0x00000000d5580000,0x00000000d6600000,0x00000000d6600000)
  from space 1024K, 100% used [0x00000000d6a00000,0x00000000d6b00000,0x00000000d6b00000)
  to   space 4096K, 0% used [0x00000000d6600000,0x00000000d6600000,0x00000000d6a00000)
 ParOldGen       total 68608K, used 44132K [0x0000000080000000, 0x0000000084300000, 0x00000000d5580000)
  object space 68608K, 64% used [0x0000000080000000,0x0000000082b192f8,0x0000000084300000)
 Metaspace       used 49827K, committed 51200K, reserved 1114112K
  class space    used 5401K, committed 6016K, reserved 1048576K
}
Event: 71.243 GC heap after
{Heap after GC invocations=31 (full 2):
 PSYoungGen      total 18944K, used 1696K [0x00000000d5580000, 0x00000000d6b00000, 0x0000000100000000)
  eden space 16896K, 0% used [0x00000000d5580000,0x00000000d5580000,0x00000000d6600000)
  from space 2048K, 82% used [0x00000000d6600000,0x00000000d67a8010,0x00000000d6800000)
  to   space 2560K, 0% used [0x00000000d6880000,0x00000000d6880000,0x00000000d6b00000)
 ParOldGen       total 68608K, used 45172K [0x0000000080000000, 0x0000000084300000, 0x00000000d5580000)
  object space 68608K, 65% used [0x0000000080000000,0x0000000082c1d2f8,0x0000000084300000)
 Metaspace       used 49827K, committed 51200K, reserved 1114112K
  class space    used 5401K, committed 6016K, reserved 1048576K
}
Event: 71.674 GC heap before
{Heap before GC invocations=32 (full 2):
 PSYoungGen      total 18944K, used 18592K [0x00000000d5580000, 0x00000000d6b00000, 0x0000000100000000)
  eden space 16896K, 100% used [0x00000000d5580000,0x00000000d6600000,0x00000000d6600000)
  from space 2048K, 82% used [0x00000000d6600000,0x00000000d67a8010,0x00000000d6800000)
  to   space 2560K, 0% used [0x00000000d6880000,0x00000000d6880000,0x00000000d6b00000)
 ParOldGen       total 68608K, used 45172K [0x0000000080000000, 0x0000000084300000, 0x00000000d5580000)
  object space 68608K, 65% used [0x0000000080000000,0x0000000082c1d2f8,0x0000000084300000)
 Metaspace       used 49844K, committed 51200K, reserved 1114112K
  class space    used 5401K, committed 6016K, reserved 1048576K
}
Event: 71.685 GC heap after
{Heap after GC invocations=32 (full 2):
 PSYoungGen      total 18432K, used 1464K [0x00000000d5580000, 0x00000000d6a00000, 0x0000000100000000)
  eden space 16896K, 0% used [0x00000000d5580000,0x00000000d5580000,0x00000000d6600000)
  from space 1536K, 95% used [0x00000000d6880000,0x00000000d69ee200,0x00000000d6a00000)
  to   space 2048K, 0% used [0x00000000d6600000,0x00000000d6600000,0x00000000d6800000)
 ParOldGen       total 68608K, used 46852K [0x0000000080000000, 0x0000000084300000, 0x00000000d5580000)
  object space 68608K, 68% used [0x0000000080000000,0x0000000082dc1308,0x0000000084300000)
 Metaspace       used 49844K, committed 51200K, reserved 1114112K
  class space    used 5401K, committed 6016K, reserved 1048576K
}
Event: 72.078 GC heap before
{Heap before GC invocations=33 (full 2):
 PSYoungGen      total 18432K, used 18360K [0x00000000d5580000, 0x00000000d6a00000, 0x0000000100000000)
  eden space 16896K, 100% used [0x00000000d5580000,0x00000000d6600000,0x00000000d6600000)
  from space 1536K, 95% used [0x00000000d6880000,0x00000000d69ee200,0x00000000d6a00000)
  to   space 2048K, 0% used [0x00000000d6600000,0x00000000d6600000,0x00000000d6800000)
 ParOldGen       total 68608K, used 46852K [0x0000000080000000, 0x0000000084300000, 0x00000000d5580000)
  object space 68608K, 68% used [0x0000000080000000,0x0000000082dc1308,0x0000000084300000)
 Metaspace       used 49977K, committed 51328K, reserved 1114112K
  class space    used 5414K, committed 6016K, reserved 1048576K
}
Event: 72.085 GC heap after
{Heap after GC invocations=33 (full 2):
 PSYoungGen      total 18944K, used 1615K [0x00000000d5580000, 0x00000000d6a00000, 0x0000000100000000)
  eden space 16896K, 0% used [0x00000000d5580000,0x00000000d5580000,0x00000000d6600000)
  from space 2048K, 78% used [0x00000000d6600000,0x00000000d6793f48,0x00000000d6800000)
  to   space 2048K, 0% used [0x00000000d6800000,0x00000000d6800000,0x00000000d6a00000)
 ParOldGen       total 68608K, used 48261K [0x0000000080000000, 0x0000000084300000, 0x00000000d5580000)
  object space 68608K, 70% used [0x0000000080000000,0x0000000082f21508,0x0000000084300000)
 Metaspace       used 49977K, committed 51328K, reserved 1114112K
  class space    used 5414K, committed 6016K, reserved 1048576K
}
Event: 74.680 GC heap before
{Heap before GC invocations=34 (full 2):
 PSYoungGen      total 18944K, used 18511K [0x00000000d5580000, 0x00000000d6a00000, 0x0000000100000000)
  eden space 16896K, 100% used [0x00000000d5580000,0x00000000d6600000,0x00000000d6600000)
  from space 2048K, 78% used [0x00000000d6600000,0x00000000d6793f48,0x00000000d6800000)
  to   space 2048K, 0% used [0x00000000d6800000,0x00000000d6800000,0x00000000d6a00000)
 ParOldGen       total 68608K, used 48261K [0x0000000080000000, 0x0000000084300000, 0x00000000d5580000)
  object space 68608K, 70% used [0x0000000080000000,0x0000000082f21508,0x0000000084300000)
 Metaspace       used 51769K, committed 53120K, reserved 1114112K
  class space    used 5652K, committed 6272K, reserved 1048576K
}
Event: 74.687 GC heap after
{Heap after GC invocations=34 (full 2):
 PSYoungGen      total 17920K, used 664K [0x00000000d5580000, 0x00000000d6900000, 0x0000000100000000)
  eden space 16896K, 0% used [0x00000000d5580000,0x00000000d5580000,0x00000000d6600000)
  from space 1024K, 64% used [0x00000000d6800000,0x00000000d68a62e8,0x00000000d6900000)
  to   space 1024K, 0% used [0x00000000d6700000,0x00000000d6700000,0x00000000d6800000)
 ParOldGen       total 68608K, used 49502K [0x0000000080000000, 0x0000000084300000, 0x00000000d5580000)
  object space 68608K, 72% used [0x0000000080000000,0x0000000083057880,0x0000000084300000)
 Metaspace       used 51769K, committed 53120K, reserved 1114112K
  class space    used 5652K, committed 6272K, reserved 1048576K
}

Dll operation events (20 events):
Event: 0.055 Attempting to load shared library c:\Users\kusha\.antigravity-ide\extensions\redhat.java-1.56.0-win32-x64\jre\21.0.12.1-win32-x86_64\bin\java.dll
Event: 0.055 Loaded shared library c:\Users\kusha\.antigravity-ide\extensions\redhat.java-1.56.0-win32-x64\jre\21.0.12.1-win32-x86_64\bin\java.dll
Event: 0.306 Attempting to load shared library c:\Users\kusha\.antigravity-ide\extensions\redhat.java-1.56.0-win32-x64\jre\21.0.12.1-win32-x86_64\bin\zip.dll
Event: 0.306 Loaded shared library c:\Users\kusha\.antigravity-ide\extensions\redhat.java-1.56.0-win32-x64\jre\21.0.12.1-win32-x86_64\bin\zip.dll
Event: 0.346 Attempting to load shared library C:\Users\kusha\.antigravity-ide\extensions\redhat.java-1.56.0-win32-x64\jre\21.0.12.1-win32-x86_64\bin\instrument.dll
Event: 0.346 Loaded shared library C:\Users\kusha\.antigravity-ide\extensions\redhat.java-1.56.0-win32-x64\jre\21.0.12.1-win32-x86_64\bin\instrument.dll
Event: 0.352 Attempting to load shared library C:\Users\kusha\.antigravity-ide\extensions\redhat.java-1.56.0-win32-x64\jre\21.0.12.1-win32-x86_64\bin\net.dll
Event: 0.487 Loaded shared library C:\Users\kusha\.antigravity-ide\extensions\redhat.java-1.56.0-win32-x64\jre\21.0.12.1-win32-x86_64\bin\net.dll
Event: 0.494 Attempting to load shared library C:\Users\kusha\.antigravity-ide\extensions\redhat.java-1.56.0-win32-x64\jre\21.0.12.1-win32-x86_64\bin\nio.dll
Event: 0.494 Loaded shared library C:\Users\kusha\.antigravity-ide\extensions\redhat.java-1.56.0-win32-x64\jre\21.0.12.1-win32-x86_64\bin\nio.dll
Event: 0.501 Attempting to load shared library C:\Users\kusha\.antigravity-ide\extensions\redhat.java-1.56.0-win32-x64\jre\21.0.12.1-win32-x86_64\bin\zip.dll
Event: 0.501 Loaded shared library C:\Users\kusha\.antigravity-ide\extensions\redhat.java-1.56.0-win32-x64\jre\21.0.12.1-win32-x86_64\bin\zip.dll
Event: 0.606 Attempting to load shared library C:\Users\kusha\.antigravity-ide\extensions\redhat.java-1.56.0-win32-x64\jre\21.0.12.1-win32-x86_64\bin\jimage.dll
Event: 0.606 Loaded shared library C:\Users\kusha\.antigravity-ide\extensions\redhat.java-1.56.0-win32-x64\jre\21.0.12.1-win32-x86_64\bin\jimage.dll
Event: 0.800 Attempting to load shared library c:\Users\kusha\.antigravity-ide\extensions\redhat.java-1.56.0-win32-x64\jre\21.0.12.1-win32-x86_64\bin\verify.dll
Event: 0.800 Loaded shared library c:\Users\kusha\.antigravity-ide\extensions\redhat.java-1.56.0-win32-x64\jre\21.0.12.1-win32-x86_64\bin\verify.dll
Event: 18.861 Attempting to load shared library C:\Users\kusha\AppData\Roaming\Antigravity IDE\User\globalStorage\redhat.java\1.56.0\config_win\org.eclipse.equinox.launcher\org.eclipse.equinox.launcher.win32.win32.x86_64_1.3.100.v20260804-1928\eclipse_11924.dll
Event: 18.881 Loaded shared library C:\Users\kusha\AppData\Roaming\Antigravity IDE\User\globalStorage\redhat.java\1.56.0\config_win\org.eclipse.equinox.launcher\org.eclipse.equinox.launcher.win32.win32.x86_64_1.3.100.v20260804-1928\eclipse_11924.dll
Event: 34.601 Attempting to load shared library C:\Users\kusha\AppData\Local\Temp\jna-102416130\jna11280949202850619696.dll
Event: 34.700 Loaded shared library C:\Users\kusha\AppData\Local\Temp\jna-102416130\jna11280949202850619696.dll

Deoptimization events (20 events):
Event: 72.361 Thread 0x00000222fdb3dfc0 DEOPT PACKING pc=0x00000222e8429e86 sp=0x000000a3049fd580
Event: 72.361 Thread 0x00000222fdb3dfc0 DEOPT UNPACKING pc=0x00000222ef904242 sp=0x000000a3049fca68 mode 0
Event: 72.771 Thread 0x00000222fdb3dfc0 DEOPT PACKING pc=0x00000222e873b6a6 sp=0x000000a3049fd370
Event: 72.771 Thread 0x00000222fdb3dfc0 DEOPT UNPACKING pc=0x00000222ef904242 sp=0x000000a3049fc860 mode 0
Event: 72.784 Thread 0x00000222fdb3dfc0 DEOPT PACKING pc=0x00000222e873b6a6 sp=0x000000a3049fd370
Event: 72.784 Thread 0x00000222fdb3dfc0 DEOPT UNPACKING pc=0x00000222ef904242 sp=0x000000a3049fc860 mode 0
Event: 72.972 Thread 0x00000222fdb3dfc0 Uncommon trap: trap_request=0xffffff45 fr.pc=0x00000222efee6314 relative=0x0000000000000fb4
Event: 72.972 Thread 0x00000222fdb3dfc0 Uncommon trap: reason=unstable_if action=reinterpret pc=0x00000222efee6314 method=jdk.internal.jimage.ImageStringsReader.stringFromByteBufferMatches(Ljava/nio/ByteBuffer;ILjava/lang/String;I)I @ 48 c2
Event: 72.972 Thread 0x00000222fdb3dfc0 DEOPT PACKING pc=0x00000222efee6314 sp=0x000000a3049f8620
Event: 72.973 Thread 0x00000222fdb3dfc0 DEOPT UNPACKING pc=0x00000222ef903aa2 sp=0x000000a3049f8358 mode 2
Event: 74.335 Thread 0x00000222fdb3dfc0 DEOPT PACKING pc=0x00000222e8cca58d sp=0x000000a3049fce90
Event: 74.335 Thread 0x00000222fdb3dfc0 DEOPT UNPACKING pc=0x00000222ef904242 sp=0x000000a3049fc340 mode 0
Event: 74.697 Thread 0x00000222fdb3dfc0 DEOPT PACKING pc=0x00000222e918fb4e sp=0x000000a3049f8290
Event: 74.697 Thread 0x00000222fdb3dfc0 DEOPT UNPACKING pc=0x00000222ef904242 sp=0x000000a3049f7810 mode 0
Event: 74.709 Thread 0x00000222fdb3dfc0 DEOPT PACKING pc=0x00000222e891b539 sp=0x000000a3049f8920
Event: 74.709 Thread 0x00000222fdb3dfc0 DEOPT UNPACKING pc=0x00000222ef904242 sp=0x000000a3049f7e20 mode 0
Event: 76.029 Thread 0x00000222fdb3dfc0 DEOPT PACKING pc=0x00000222e918fb4e sp=0x000000a3049fb410
Event: 76.029 Thread 0x00000222fdb3dfc0 DEOPT UNPACKING pc=0x00000222ef904242 sp=0x000000a3049fa990 mode 0
Event: 76.181 Thread 0x00000222fdb3dfc0 DEOPT PACKING pc=0x00000222e891b539 sp=0x000000a3049fbf20
Event: 76.181 Thread 0x00000222fdb3dfc0 DEOPT UNPACKING pc=0x00000222ef904242 sp=0x000000a3049fb420 mode 0

Classes loaded (20 events):
Event: 68.574 Loading class java/nio/file/ClosedDirectoryStreamException
Event: 68.574 Loading class java/nio/file/ClosedDirectoryStreamException done
Event: 68.574 Loading class jdk/internal/jrtfs/JrtFileSystem
Event: 68.574 Loading class jdk/internal/jrtfs/JrtFileSystem done
Event: 68.574 Loading class jdk/internal/jrtfs/JrtPath
Event: 68.574 Loading class jdk/internal/jrtfs/JrtPath done
Event: 68.575 Loading class jdk/internal/jimage/ImageReader$Node
Event: 68.575 Loading class jdk/internal/jimage/ImageReader$Node done
Event: 68.743 Loading class java/nio/ByteBufferAsIntBufferL
Event: 68.744 Loading class java/nio/ByteBufferAsIntBufferL done
Event: 68.750 Loading class jdk/internal/jimage/ImageReader$Directory
Event: 68.751 Loading class jdk/internal/jimage/ImageReader$Directory done
Event: 70.022 Loading class java/util/AbstractList$ListItr
Event: 70.022 Loading class java/util/AbstractList$ListItr done
Event: 70.036 Loading class java/nio/channels/Channels$ReadableByteChannelImpl
Event: 70.039 Loading class java/nio/channels/Channels$ReadableByteChannelImpl done
Event: 70.040 Loading class java/nio/channels/NonWritableChannelException
Event: 70.040 Loading class java/nio/channels/NonWritableChannelException done
Event: 75.467 Loading class java/util/Vector$1
Event: 75.467 Loading class java/util/Vector$1 done

Classes unloaded (7 events):
Event: 36.378 Thread 0x00000222e523c970 Unloading class 0x00000222811a4800 'java/lang/invoke/LambdaForm$MH+0x00000222811a4800'
Event: 36.378 Thread 0x00000222e523c970 Unloading class 0x00000222811a4400 'java/lang/invoke/LambdaForm$MH+0x00000222811a4400'
Event: 36.378 Thread 0x00000222e523c970 Unloading class 0x00000222811a4000 'java/lang/invoke/LambdaForm$MH+0x00000222811a4000'
Event: 36.378 Thread 0x00000222e523c970 Unloading class 0x00000222811a3c00 'java/lang/invoke/LambdaForm$MH+0x00000222811a3c00'
Event: 36.378 Thread 0x00000222e523c970 Unloading class 0x00000222811a3800 'java/lang/invoke/LambdaForm$BMH+0x00000222811a3800'
Event: 36.378 Thread 0x00000222e523c970 Unloading class 0x00000222811a3400 'java/lang/invoke/LambdaForm$DMH+0x00000222811a3400'
Event: 36.378 Thread 0x00000222e523c970 Unloading class 0x00000222811a2000 'java/lang/invoke/LambdaForm$DMH+0x00000222811a2000'

Classes redefined (0 events):
No events

Internal exceptions (20 events):
Event: 66.680 Thread 0x00000222fcf4e710 Exception <a 'sun/nio/fs/WindowsException'{0x00000000d5873250}> (0x00000000d5873250) 
thrown [s\src\hotspot\share\prims\jni.cpp, line 520]
Event: 66.680 Thread 0x00000222fcf4e710 Exception <a 'sun/nio/fs/WindowsException'{0x00000000d5876e30}> (0x00000000d5876e30) 
thrown [s\src\hotspot\share\prims\jni.cpp, line 520]
Event: 66.681 Thread 0x00000222fcf4e710 Exception <a 'sun/nio/fs/WindowsException'{0x00000000d587af90}> (0x00000000d587af90) 
thrown [s\src\hotspot\share\prims\jni.cpp, line 520]
Event: 66.681 Thread 0x00000222fcf4e710 Exception <a 'sun/nio/fs/WindowsException'{0x00000000d587f610}> (0x00000000d587f610) 
thrown [s\src\hotspot\share\prims\jni.cpp, line 520]
Event: 66.682 Thread 0x00000222fcf4e710 Exception <a 'sun/nio/fs/WindowsException'{0x00000000d58886e8}> (0x00000000d58886e8) 
thrown [s\src\hotspot\share\prims\jni.cpp, line 520]
Event: 66.682 Thread 0x00000222fcf4e710 Exception <a 'sun/nio/fs/WindowsException'{0x00000000d588d3c0}> (0x00000000d588d3c0) 
thrown [s\src\hotspot\share\prims\jni.cpp, line 520]
Event: 67.709 Thread 0x00000222fcf4e710 Exception <a 'sun/nio/fs/WindowsException'{0x00000000d5a77768}> (0x00000000d5a77768) 
thrown [s\src\hotspot\share\prims\jni.cpp, line 520]
Event: 67.709 Thread 0x00000222fcf4e710 Exception <a 'sun/nio/fs/WindowsException'{0x00000000d5a7c188}> (0x00000000d5a7c188) 
thrown [s\src\hotspot\share\prims\jni.cpp, line 520]
Event: 67.710 Thread 0x00000222fcf4e710 Exception <a 'sun/nio/fs/WindowsException'{0x00000000d5a80b50}> (0x00000000d5a80b50) 
thrown [s\src\hotspot\share\prims\jni.cpp, line 520]
Event: 67.710 Thread 0x00000222fcf4e710 Exception <a 'sun/nio/fs/WindowsException'{0x00000000d5a85900}> (0x00000000d5a85900) 
thrown [s\src\hotspot\share\prims\jni.cpp, line 520]
Event: 67.711 Thread 0x00000222fcf4e710 Exception <a 'sun/nio/fs/WindowsException'{0x00000000d5a8a688}> (0x00000000d5a8a688) 
thrown [s\src\hotspot\share\prims\jni.cpp, line 520]
Event: 67.712 Thread 0x00000222fcf4e710 Exception <a 'sun/nio/fs/WindowsException'{0x00000000d5a8feb8}> (0x00000000d5a8feb8) 
thrown [s\src\hotspot\share\prims\jni.cpp, line 520]
Event: 67.712 Thread 0x00000222fcf4e710 Exception <a 'sun/nio/fs/WindowsException'{0x00000000d5a94848}> (0x00000000d5a94848) 
thrown [s\src\hotspot\share\prims\jni.cpp, line 520]
Event: 67.713 Thread 0x00000222fcf4e710 Exception <a 'sun/nio/fs/WindowsException'{0x00000000d5a991b8}> (0x00000000d5a991b8) 
thrown [s\src\hotspot\share\prims\jni.cpp, line 520]
Event: 67.713 Thread 0x00000222fcf4e710 Exception <a 'sun/nio/fs/WindowsException'{0x00000000d5a9df20}> (0x00000000d5a9df20) 
thrown [s\src\hotspot\share\prims\jni.cpp, line 520]
Event: 67.714 Thread 0x00000222fcf4e710 Exception <a 'sun/nio/fs/WindowsException'{0x00000000d5aa2a28}> (0x00000000d5aa2a28) 
thrown [s\src\hotspot\share\prims\jni.cpp, line 520]
Event: 67.715 Thread 0x00000222fcf4e710 Exception <a 'sun/nio/fs/WindowsException'{0x00000000d5aa8b70}> (0x00000000d5aa8b70) 
thrown [s\src\hotspot\share\prims\jni.cpp, line 520]
Event: 67.717 Thread 0x00000222fcf4e710 Exception <a 'sun/nio/fs/WindowsException'{0x00000000d5aadc98}> (0x00000000d5aadc98) 
thrown [s\src\hotspot\share\prims\jni.cpp, line 520]
Event: 67.719 Thread 0x00000222fcf4e710 Exception <a 'sun/nio/fs/WindowsException'{0x00000000d5ab2e90}> (0x00000000d5ab2e90) 
thrown [s\src\hotspot\share\prims\jni.cpp, line 520]
Event: 68.569 Thread 0x00000222fdb3dfc0 Exception <a 'java/lang/NoSuchMethodError'{0x00000000d61d8b80}: 'java.lang.Object java.lang.invoke.DelegatingMethodHandle$Holder.reinvoke_L(java.lang.Object, int, long, java.lang.Object, java.lang.Object, int, java.lang.Object)'> (0x00000000d61d8b80) 
thrown [s\src\hotspot\share\interpreter\linkResolver.cpp, line 773]

ZGC Phase Switch (0 events):
No events

VM Operations (20 events):
Event: 70.786 Executing safepoint VM operation: ParallelGCFailedAllocation (Allocation Failure)
Event: 70.797 Executing safepoint VM operation: ParallelGCFailedAllocation (Allocation Failure) done
Event: 71.055 Executing safepoint VM operation: ParallelGCFailedAllocation (Allocation Failure)
Event: 71.061 Executing safepoint VM operation: ParallelGCFailedAllocation (Allocation Failure) done
Event: 71.236 Executing safepoint VM operation: ParallelGCFailedAllocation (Allocation Failure)
Event: 71.243 Executing safepoint VM operation: ParallelGCFailedAllocation (Allocation Failure) done
Event: 71.674 Executing safepoint VM operation: ParallelGCFailedAllocation (Allocation Failure)
Event: 71.685 Executing safepoint VM operation: ParallelGCFailedAllocation (Allocation Failure) done
Event: 72.078 Executing safepoint VM operation: ParallelGCFailedAllocation (Allocation Failure)
Event: 72.085 Executing safepoint VM operation: ParallelGCFailedAllocation (Allocation Failure) done
Event: 73.083 Executing non-safepoint VM operation: HandshakeAllThreads (Deoptimize)
Event: 73.084 Executing non-safepoint VM operation: HandshakeAllThreads (Deoptimize) done
Event: 74.085 Executing safepoint VM operation: Cleanup
Event: 74.085 Executing safepoint VM operation: Cleanup done
Event: 74.680 Executing safepoint VM operation: ParallelGCFailedAllocation (Allocation Failure)
Event: 74.687 Executing safepoint VM operation: ParallelGCFailedAllocation (Allocation Failure) done
Event: 75.693 Executing safepoint VM operation: Cleanup
Event: 75.693 Executing safepoint VM operation: Cleanup done
Event: 76.710 Executing safepoint VM operation: Cleanup
Event: 76.710 Executing safepoint VM operation: Cleanup done

Memory protections (0 events):
No events

Nmethod flushes (20 events):
Event: 41.885 Thread 0x00000222e523c970 flushing  nmethod 0x00000222e89e8d10
Event: 41.885 Thread 0x00000222e523c970 flushing  nmethod 0x00000222e8a16910
Event: 41.885 Thread 0x00000222e523c970 flushing  nmethod 0x00000222e8a18610
Event: 41.885 Thread 0x00000222e523c970 flushing  nmethod 0x00000222e8a18f10
Event: 41.885 Thread 0x00000222e523c970 flushing  nmethod 0x00000222e8a1a110
Event: 41.885 Thread 0x00000222e523c970 flushing  nmethod 0x00000222e8a1b510
Event: 41.885 Thread 0x00000222e523c970 flushing  nmethod 0x00000222e8a1d210
Event: 41.885 Thread 0x00000222e523c970 flushing  nmethod 0x00000222e8a1d710
Event: 41.885 Thread 0x00000222e523c970 flushing  nmethod 0x00000222e8a1dc10
Event: 41.885 Thread 0x00000222e523c970 flushing  nmethod 0x00000222e8a1e410
Event: 41.885 Thread 0x00000222e523c970 flushing  nmethod 0x00000222e8a1f910
Event: 41.885 Thread 0x00000222e523c970 flushing  nmethod 0x00000222e8a20310
Event: 41.885 Thread 0x00000222e523c970 flushing  nmethod 0x00000222e8a2a190
Event: 41.885 Thread 0x00000222e523c970 flushing  nmethod 0x00000222e8a5ca90
Event: 41.885 Thread 0x00000222e523c970 flushing  nmethod 0x00000222e8a5fb90
Event: 41.885 Thread 0x00000222e523c970 flushing  nmethod 0x00000222e8a63990
Event: 41.885 Thread 0x00000222e523c970 flushing  nmethod 0x00000222e8a6b310
Event: 41.885 Thread 0x00000222e523c970 flushing  nmethod 0x00000222e8ad2710
Event: 41.885 Thread 0x00000222e523c970 flushing  nmethod 0x00000222e8af5d10
Event: 41.885 Thread 0x00000222e523c970 flushing  nmethod 0x00000222e8b04b10

Events (20 events):
Event: 34.811 Thread 0x00000222fc963d20 Thread added: 0x00000222fcf50150
Event: 35.036 Thread 0x00000222fc963d20 Thread added: 0x00000222fcf50e70
Event: 35.073 Thread 0x00000222fc963d20 Thread added: 0x00000222fcf51500
Event: 38.485 Thread 0x00000222fcf51500 Thread added: 0x00000222fcf4e080
Event: 39.983 Thread 0x00000222fc963d20 Thread added: 0x00000222fcf4eda0
Event: 42.252 Thread 0x00000222fcf51500 Thread added: 0x00000222fcf4fac0
Event: 42.630 Thread 0x00000222fcf4fac0 Thread added: 0x00000222fcf4e710
Event: 43.402 Thread 0x00000222e517f110 Thread added: 0x00000222fdb3bef0
Event: 43.403 Thread 0x00000222e517f110 Thread added: 0x00000222fdb383e0
Event: 43.403 Thread 0x00000222e517f110 Thread added: 0x00000222fdb3b860
Event: 43.403 Thread 0x00000222e517f110 Thread added: 0x00000222fdb38a70
Event: 43.403 Thread 0x00000222e517f110 Thread added: 0x00000222fdb39e20
Event: 43.806 Thread 0x00000222e517f110 Thread added: 0x00000222fdb39100
Event: 44.778 Thread 0x00000222e517f110 Thread added: 0x00000222fdb39790
Event: 44.778 Thread 0x00000222e517f110 Thread added: 0x00000222fdb3dfc0
Event: 50.196 Thread 0x00000222fcf4e080 Thread added: 0x00000222fdb37030
Event: 50.198 Thread 0x00000222fcf4e080 Thread added: 0x00000222fdb3b1d0
Event: 50.263 Thread 0x00000222fdb37030 Thread added: 0x00000222fdb3cc10
Event: 51.432 Thread 0x00000222fcf4e710 Thread added: 0x00000222fdb3e650
Event: 67.722 Thread 0x00000222fdb3e650 Thread exited: 0x00000222fdb3e650


Dynamic libraries:
0x00007ff6d9ed0000 - 0x00007ff6d9ede000 	c:\Users\kusha\.antigravity-ide\extensions\redhat.java-1.56.0-win32-x64\jre\21.0.12.1-win32-x86_64\bin\java.exe
0x00007ffa75050000 - 0x00007ffa75267000 	C:\Windows\SYSTEM32\ntdll.dll
0x00007ffa73d20000 - 0x00007ffa73de4000 	C:\Windows\System32\KERNEL32.DLL
0x00007ffa729c0000 - 0x00007ffa72d77000 	C:\Windows\System32\KERNELBASE.dll
0x00007ffa72740000 - 0x00007ffa72851000 	C:\Windows\System32\ucrtbase.dll
0x00007ffa50da0000 - 0x00007ffa50db8000 	c:\Users\kusha\.antigravity-ide\extensions\redhat.java-1.56.0-win32-x64\jre\21.0.12.1-win32-x86_64\bin\jli.dll
0x00007ffa74c40000 - 0x00007ffa74def000 	C:\Windows\System32\USER32.dll
0x00007ffa72360000 - 0x00007ffa72386000 	C:\Windows\System32\win32u.dll
0x00007ffa72ee0000 - 0x00007ffa72f09000 	C:\Windows\System32\GDI32.dll
0x00007ffa72430000 - 0x00007ffa72548000 	C:\Windows\System32\gdi32full.dll
0x00007ffa72390000 - 0x00007ffa7242a000 	C:\Windows\System32\msvcp_win.dll
0x00007ffa4f150000 - 0x00007ffa4f16e000 	c:\Users\kusha\.antigravity-ide\extensions\redhat.java-1.56.0-win32-x64\jre\21.0.12.1-win32-x86_64\bin\VCRUNTIME140.dll
0x00007ffa60b10000 - 0x00007ffa60da3000 	C:\Windows\WinSxS\amd64_microsoft.windows.common-controls_6595b64144ccf1df_6.0.22621.3672_none_2713b9d173822955\COMCTL32.dll
0x00007ffa74b10000 - 0x00007ffa74bb7000 	C:\Windows\System32\msvcrt.dll
0x00007ffa73840000 - 0x00007ffa73871000 	C:\Windows\System32\IMM32.DLL
0x00007ffa548b0000 - 0x00007ffa548bc000 	c:\Users\kusha\.antigravity-ide\extensions\redhat.java-1.56.0-win32-x64\jre\21.0.12.1-win32-x86_64\bin\vcruntime140_1.dll
0x00007ffa36180000 - 0x00007ffa3620d000 	c:\Users\kusha\.antigravity-ide\extensions\redhat.java-1.56.0-win32-x64\jre\21.0.12.1-win32-x86_64\bin\msvcp140.dll
0x00007ff9c3880000 - 0x00007ff9c4622000 	c:\Users\kusha\.antigravity-ide\extensions\redhat.java-1.56.0-win32-x64\jre\21.0.12.1-win32-x86_64\bin\server\jvm.dll
0x00007ffa72f20000 - 0x00007ffa72fd2000 	C:\Windows\System32\ADVAPI32.dll
0x00007ffa74010000 - 0x00007ffa740b8000 	C:\Windows\System32\sechost.dll
0x00007ffa728d0000 - 0x00007ffa728f8000 	C:\Windows\System32\bcrypt.dll
0x00007ffa73720000 - 0x00007ffa73834000 	C:\Windows\System32\RPCRT4.dll
0x00007ffa72ff0000 - 0x00007ffa73061000 	C:\Windows\System32\WS2_32.dll
0x00007ffa71fd0000 - 0x00007ffa7201d000 	C:\Windows\SYSTEM32\POWRPROF.dll
0x00007ffa67a00000 - 0x00007ffa67a34000 	C:\Windows\SYSTEM32\WINMM.dll
0x00007ffa6b720000 - 0x00007ffa6b72a000 	C:\Windows\SYSTEM32\VERSION.dll
0x00007ffa71dd0000 - 0x00007ffa71de3000 	C:\Windows\SYSTEM32\UMPDC.dll
0x00007ffa713b0000 - 0x00007ffa713c8000 	C:\Windows\SYSTEM32\kernel.appcore.dll
0x00007ffa53720000 - 0x00007ffa5372a000 	c:\Users\kusha\.antigravity-ide\extensions\redhat.java-1.56.0-win32-x64\jre\21.0.12.1-win32-x86_64\bin\jimage.dll
0x00007ffa66dc0000 - 0x00007ffa66ff2000 	C:\Windows\SYSTEM32\DBGHELP.DLL
0x00007ffa73100000 - 0x00007ffa7348e000 	C:\Windows\System32\combase.dll
0x00007ffa73490000 - 0x00007ffa73567000 	C:\Windows\System32\OLEAUT32.dll
0x00007ffa560f0000 - 0x00007ffa56122000 	C:\Windows\SYSTEM32\dbgcore.DLL
0x00007ffa726c0000 - 0x00007ffa7273b000 	C:\Windows\System32\bcryptPrimitives.dll
0x00007ffa513f0000 - 0x00007ffa513ff000 	c:\Users\kusha\.antigravity-ide\extensions\redhat.java-1.56.0-win32-x64\jre\21.0.12.1-win32-x86_64\bin\instrument.dll
0x00007ffa4cd40000 - 0x00007ffa4cd60000 	c:\Users\kusha\.antigravity-ide\extensions\redhat.java-1.56.0-win32-x64\jre\21.0.12.1-win32-x86_64\bin\java.dll
0x00007ffa740c0000 - 0x00007ffa74929000 	C:\Windows\System32\SHELL32.dll
0x00007ffa702d0000 - 0x00007ffa70bcf000 	C:\Windows\SYSTEM32\windows.storage.dll
0x00007ffa70190000 - 0x00007ffa702cf000 	C:\Windows\SYSTEM32\wintypes.dll
0x00007ffa73570000 - 0x00007ffa73669000 	C:\Windows\System32\SHCORE.dll
0x00007ffa74df0000 - 0x00007ffa74e4e000 	C:\Windows\System32\shlwapi.dll
0x00007ffa72290000 - 0x00007ffa722b7000 	C:\Windows\SYSTEM32\profapi.dll
0x00007ffa4cd20000 - 0x00007ffa4cd38000 	c:\Users\kusha\.antigravity-ide\extensions\redhat.java-1.56.0-win32-x64\jre\21.0.12.1-win32-x86_64\bin\zip.dll
0x00007ffa4f300000 - 0x00007ffa4f310000 	C:\Users\kusha\.antigravity-ide\extensions\redhat.java-1.56.0-win32-x64\jre\21.0.12.1-win32-x86_64\bin\net.dll
0x00007ffa6bee0000 - 0x00007ffa6c016000 	C:\Windows\SYSTEM32\WINHTTP.dll
0x00007ffa71820000 - 0x00007ffa71889000 	C:\Windows\system32\mswsock.dll
0x00007ffa49e10000 - 0x00007ffa49e26000 	C:\Users\kusha\.antigravity-ide\extensions\redhat.java-1.56.0-win32-x64\jre\21.0.12.1-win32-x86_64\bin\nio.dll
0x00007ffa4ead0000 - 0x00007ffa4eae0000 	c:\Users\kusha\.antigravity-ide\extensions\redhat.java-1.56.0-win32-x64\jre\21.0.12.1-win32-x86_64\bin\verify.dll
0x00007ffa36a60000 - 0x00007ffa36aa5000 	C:\Users\kusha\AppData\Roaming\Antigravity IDE\User\globalStorage\redhat.java\1.56.0\config_win\org.eclipse.equinox.launcher\org.eclipse.equinox.launcher.win32.win32.x86_64_1.3.100.v20260804-1928\eclipse_11924.dll
0x00007ffa73df0000 - 0x00007ffa73f95000 	C:\Windows\System32\ole32.dll
0x00007ffa71a70000 - 0x00007ffa71a8b000 	C:\Windows\SYSTEM32\CRYPTSP.dll
0x00007ffa71310000 - 0x00007ffa71345000 	C:\Windows\system32\rsaenh.dll
0x00007ffa71910000 - 0x00007ffa71938000 	C:\Windows\SYSTEM32\USERENV.dll
0x00007ffa71a90000 - 0x00007ffa71a9c000 	C:\Windows\SYSTEM32\CRYPTBASE.dll
0x00007ffa70e70000 - 0x00007ffa70e9d000 	C:\Windows\SYSTEM32\IPHLPAPI.DLL
0x00007ffa72f10000 - 0x00007ffa72f19000 	C:\Windows\System32\NSI.dll
0x00007ffa321d0000 - 0x00007ffa32219000 	C:\Users\kusha\AppData\Local\Temp\jna-102416130\jna11280949202850619696.dll
0x00007ffa74000000 - 0x00007ffa74008000 	C:\Windows\System32\PSAPI.DLL
0x00007ffa6c610000 - 0x00007ffa6c629000 	C:\Windows\SYSTEM32\dhcpcsvc6.DLL
0x00007ffa6bd00000 - 0x00007ffa6bd1f000 	C:\Windows\SYSTEM32\dhcpcsvc.DLL

JVMTI agents:
c:\Users\kusha\.antigravity-ide\extensions\redhat.java-1.56.0-win32-x64\lombok\lombok-1.18.39-4050.jar path:c:\Users\kusha\.antigravity-ide\extensions\redhat.java-1.56.0-win32-x64\jre\21.0.12.1-win32-x86_64\bin\instrument.dll, loaded, initialized, instrumentlib options:none

dbghelp: loaded successfully - version: 4.0.5 - missing functions: none
symbol engine: initialized successfully - sym options: 0x614 - pdb path: .;c:\Users\kusha\.antigravity-ide\extensions\redhat.java-1.56.0-win32-x64\jre\21.0.12.1-win32-x86_64\bin;C:\Windows\SYSTEM32;C:\Windows\WinSxS\amd64_microsoft.windows.common-controls_6595b64144ccf1df_6.0.22621.3672_none_2713b9d173822955;c:\Users\kusha\.antigravity-ide\extensions\redhat.java-1.56.0-win32-x64\jre\21.0.12.1-win32-x86_64\bin\server;C:\Users\kusha\AppData\Roaming\Antigravity IDE\User\globalStorage\redhat.java\1.56.0\config_win\org.eclipse.equinox.launcher\org.eclipse.equinox.launcher.win32.win32.x86_64_1.3.100.v20260804-1928;C:\Users\kusha\AppData\Local\Temp\jna-102416130

VM Arguments:
jvm_args: --add-modules=ALL-SYSTEM --add-opens=java.base/java.util=ALL-UNNAMED --add-opens=java.base/java.lang=ALL-UNNAMED --add-opens=java.base/sun.nio.fs=ALL-UNNAMED -Declipse.application=org.eclipse.jdt.ls.core.id1 -Dosgi.bundles.defaultStartLevel=4 -Declipse.product=org.eclipse.jdt.ls.core.product -Djava.import.generatesMetadataFilesAtProjectRoot=false -Dm2e.project.cache.size=50 -DDetectVMInstallationsJob.disabled=true -Dfile.encoding=utf8 -XX:+UseParallelGC -XX:GCTimeRatio=4 -XX:AdaptiveSizePolicyWeight=90 -Dsun.zip.disableMemoryMapping=true -Xmx2G -Xms100m -Xlog:disable -javaagent:c:\Users\kusha\.antigravity-ide\extensions\redhat.java-1.56.0-win32-x64\lombok\lombok-1.18.39-4050.jar -XX:+HeapDumpOnOutOfMemoryError -XX:HeapDumpPath=c:\Users\kusha\AppData\Roaming\Antigravity IDE\User\workspaceStorage\710bb24a09336df6ca056d69fd4414a9\redhat.java -Daether.dependencyCollector.impl=bf 
java_command: c:\Users\kusha\.antigravity-ide\extensions\redhat.java-1.56.0-win32-x64\server\plugins\org.eclipse.equinox.launcher_1.8.0.v20260804-1928.jar -configuration c:\Users\kusha\AppData\Roaming\Antigravity IDE\User\globalStorage\redhat.java\1.56.0\config_win -data c:\Users\kusha\AppData\Roaming\Antigravity IDE\User\workspaceStorage\710bb24a09336df6ca056d69fd4414a9\redhat.java\jdt_ws --pipe=\\.\pipe\lsp-26d3499932add2283f9b12d7424c5e89-sock
java_class_path (initial): c:\Users\kusha\.antigravity-ide\extensions\redhat.java-1.56.0-win32-x64\server\plugins\org.eclipse.equinox.launcher_1.8.0.v20260804-1928.jar
Launcher Type: SUN_STANDARD

[Global flags]
    uintx AdaptiveSizePolicyWeight                 = 90                                        {product} {command line}
     intx CICompilerCount                          = 3                                         {product} {ergonomic}
    uintx GCTimeRatio                              = 4                                         {product} {command line}
     bool HeapDumpOnOutOfMemoryError               = true                                   {manageable} {command line}
    ccstr HeapDumpPath                             = c:\Users\kusha\AppData\Roaming\Antigravity IDE\User\workspaceStorage\710bb24a09336df6ca056d69fd4414a9\redhat.java         {manageable} {command line}
   size_t InitialHeapSize                          = 104857600                                 {product} {command line}
   size_t MaxHeapSize                              = 2147483648                                {product} {command line}
   size_t MaxNewSize                               = 715653120                                 {product} {ergonomic}
   size_t MinHeapDeltaBytes                        = 524288                                    {product} {ergonomic}
   size_t MinHeapSize                              = 104857600                                 {product} {command line}
   size_t NewSize                                  = 34603008                                  {product} {ergonomic}
    uintx NonNMethodCodeHeapSize                   = 5832780                                {pd product} {ergonomic}
    uintx NonProfiledCodeHeapSize                  = 122912730                              {pd product} {ergonomic}
   size_t OldSize                                  = 70254592                                  {product} {ergonomic}
    uintx ProfiledCodeHeapSize                     = 122912730                              {pd product} {ergonomic}
    uintx ReservedCodeCacheSize                    = 251658240                              {pd product} {ergonomic}
     bool SegmentedCodeCache                       = true                                      {product} {ergonomic}
   size_t SoftMaxHeapSize                          = 2147483648                             {manageable} {ergonomic}
     bool UseCompressedOops                        = true                           {product lp64_product} {ergonomic}
     bool UseLargePagesIndividualAllocation        = false                                  {pd product} {ergonomic}
     bool UseParallelGC                            = true                                      {product} {command line}

Logging:
Log output configuration:
 #0: stdout all=off uptime,level,tags foldmultilines=false
 #1: stderr all=off uptime,level,tags foldmultilines=false

Release file:
JAVA_VERSION="21.0.12.1" 
MODULES="java.base java.compiler java.datatransfer java.xml java.prefs java.desktop java.instrument java.logging java.management java.security.sasl java.naming java.rmi java.management.rmi java.net.http java.scripting java.security.jgss java.transaction.xa java.sql java.sql.rowset java.xml.crypto java.se java.smartcardio jdk.accessibility jdk.internal.jvmstat jdk.attach jdk.charsets jdk.internal.opt jdk.zipfs jdk.compiler jdk.crypto.ec jdk.crypto.cryptoki jdk.crypto.mscapi jdk.dynalink jdk.internal.ed jdk.editpad jdk.hotspot.agent jdk.httpserver jdk.internal.le jdk.internal.vm.ci jdk.internal.vm.compiler jdk.internal.vm.compiler.management jdk.jartool jdk.javadoc jdk.jcmd jdk.management jdk.management.agent jdk.jconsole jdk.jdeps jdk.jdwp.agent jdk.jdi jdk.jfr jdk.jshell jdk.jsobject jdk.jstatd jdk.localedata jdk.management.jfr jdk.naming.dns jdk.naming.rmi jdk.net jdk.nio.mapmode jdk.random jdk.sctp jdk.security.auth jdk.security.jgss jdk.unsupported jdk.unsupported.desktop jdk.xml.dom" 

Environment Variables:
PATH=C:\Program Files\Python314\Scripts\;C:\Program Files\Python314\;C:\Program Files\Common Files\Oracle\Java\javapath;C:\Windows\system32;C:\Windows;C:\Windows\System32\Wbem;C:\Windows\System32\WindowsPowerShell\v1.0\;C:\Windows\System32\OpenSSH\;C:\Program Files (x86)\NVIDIA Corporation\PhysX\Common;C:\Program Files\dotnet\;C:\Program Files\Java\jdk-25\bin;C:\Program Files\Git\cmd;C:\Program Files\MySQL\MySQL Server 8.0\bin;C:\Program Files\nodejs\;C:\Program Files\nodejs;C:\Program Files\PostgreSQL\18\bin;C:\Program Files\MySQL\MySQL Shell 8.0\bin\;C:\Users\kusha\AppData\Local\Microsoft\WindowsApps;C:\Users\kusha\AppData\Roaming\npm;C:\Users\kusha\AppData\Local\Programs\Microsoft VS Code\bin;C:\Users\kusha\AppData\Local\Programs\Antigravity IDE\bin
USERNAME=kusha
OS=Windows_NT
PROCESSOR_IDENTIFIER=AMD64 Family 23 Model 1 Stepping 1, AuthenticAMD
TMP=C:\Users\kusha\AppData\Local\Temp
TEMP=C:\Users\kusha\AppData\Local\Temp




Periodic native trim disabled

---------------  S Y S T E M  ---------------

OS:
 Windows 11 , 64 bit Build 22621 (10.0.22621.3958)
OS uptime: 1 days 6:33 hours

CPU: total 4 (initial active 4) (4 cores per cpu, 1 threads per core) family 23 model 1 stepping 1 microcode 0x0, cx8, cmov, fxsr, mmx, 3dnowpref, sse, sse2, sse3, ssse3, sse4a, sse4.1, sse4.2, popcnt, lzcnt, tsc, tscinvbit, avx, avx2, aes, clmul, bmi1, bmi2, adx, sha, fma, vzeroupper, clflush, clflushopt, rdtscp, f16c
Processor Information for the first 4 processors :
  Max Mhz: 3500, Current Mhz: 3500, Mhz Limit: 3500

Memory: 4k page, system-wide physical 8143M (273M free)
TotalPageFile size 17535M (AvailPageFile size 12M)
current process WorkingSet (physical memory assigned to process): 222M, peak: 230M
current process commit charge ("private bytes"): 302M, peak: 317M

vm_info: OpenJDK 64-Bit Server VM (21.0.12.1+1-LTS) for windows-amd64 JRE (21.0.12.1+1-LTS), built on 2026-08-18T00:00:00Z by "admin" with MS VC++ 17.12 (VS2022)

END.
